#
# There is insufficient memory for the Java Runtime Environment to continue.
# Native memory allocation (malloc) failed to allocate 32744 bytes. Error detail: Chunk::new
# Possible reasons:
#   The system is out of physical RAM or swap space
#   This process is running with CompressedOops enabled, and the Java Heap may be blocking the growth of the native heap
# Possible solutions:
#   Reduce memory load on the system
#   Increase physical memory or swap space
#   Check if swap backing store is full
#   Decrease Java heap size (-Xmx/-Xms)
#   Decrease number of Java threads
#   Decrease Java thread stack sizes (-Xss)
#   Set larger code cache with -XX:ReservedCodeCacheSize=
#   JVM is running with Unscaled Compressed Oops mode in which the Java heap is
#     placed in the first 4GB address space. The Java Heap base address is the
#     maximum limit for the native heap growth. Please use -XX:HeapBaseMinAddress
#     to set the Java Heap base and to place the Java Heap above 4GB virtual address.
# This output file may be truncated or incomplete.
#
#  Out of Memory Error (arena.cpp:168), pid=12088, tid=14408
#
# JRE version: OpenJDK Runtime Environment Temurin-21.0.11+10 (21.0.11+10) (build 21.0.11+10-LTS)
# Java VM: OpenJDK 64-Bit Server VM Temurin-21.0.11+10 (21.0.11+10-LTS, mixed mode, sharing, tiered, compressed oops, compressed class ptrs, parallel gc, windows-amd64)
# No core dump will be written. Minidumps are not enabled by default on client versions of Windows
#

---------------  S U M M A R Y ------------

Command Line: --add-modules=ALL-SYSTEM --add-opens=java.base/java.util=ALL-UNNAMED --add-opens=java.base/java.lang=ALL-UNNAMED --add-opens=java.base/sun.nio.fs=ALL-UNNAMED -Declipse.application=org.eclipse.jdt.ls.core.id1 -Dosgi.bundles.defaultStartLevel=4 -Declipse.product=org.eclipse.jdt.ls.core.product -Djava.import.generatesMetadataFilesAtProjectRoot=false -DDetectVMInstallationsJob.disabled=true -Dfile.encoding=utf8 -XX:+UseParallelGC -XX:GCTimeRatio=4 -XX:AdaptiveSizePolicyWeight=90 -Dsun.zip.disableMemoryMapping=true -Xmx2G -Xms100m -Xlog:disable -javaagent:c:\Users\enriq\.vscode-insiders\extensions\redhat.java-1.55.0-win32-x64\lombok\lombok-1.18.39-4050.jar -XX:+HeapDumpOnOutOfMemoryError -XX:HeapDumpPath=c:\Users\enriq\AppData\Roaming\Code - Insiders\User\workspaceStorage\f8b6e8e432969b00c34a4d2a739117ff\redhat.java -Daether.dependencyCollector.impl=bf -Djdt.core.sharedIndexLocation=C:\Users\enriq\AppData\Roaming\.jdt\index -XX:+UnlockDiagnosticVMOptions -XX:+AllowArchivingWithJavaAgent -XX:+AutoCreateSharedArchive -XX:SharedArchiveFile=c:\Users\enriq\AppData\Roaming\Code - Insiders\User\globalStorage\redhat.java\1.55.0\jdtls.jsa c:\Users\enriq\.vscode-insiders\extensions\redhat.java-1.55.0-win32-x64\server\plugins\org.eclipse.equinox.launcher_1.7.200.v20260619-2039.jar -configuration c:\Users\enriq\AppData\Roaming\Code - Insiders\User\globalStorage\redhat.java\1.55.0\config_win -data c:\Users\enriq\AppData\Roaming\Code - Insiders\User\workspaceStorage\f8b6e8e432969b00c34a4d2a739117ff\redhat.java\jdt_ws --pipe=\\.\pipe\lsp-2667b0b187b87faf540de98204dfdfe4-sock

Host: 12th Gen Intel(R) Core(TM) i3-1215U, 8 cores, 7G,  Windows 11 , 64 bit Build 26100 (10.0.26100.8875)
Time: Wed Aug 19 12:25:39 2026 Hora est. Pacífico, Sudamérica elapsed time: 78.339952 seconds (0d 0h 1m 18s)

---------------  T H R E A D  ---------------

Current thread (0x000002a7cdb92640):  JavaThread "C2 CompilerThread1" daemon [_thread_in_native, id=14408, stack(0x000000c09af00000,0x000000c09b000000) (1024K)]


Current CompileTask:
C2:78340 12859       4       org.eclipse.jdt.internal.compiler.parser.Parser::consumeToken (2260 bytes)

Stack: [0x000000c09af00000,0x000000c09b000000]
Native frames: (J=compiled Java code, j=interpreted, Vv=VM code, C=native code)
V  [jvm.dll+0x6d7e19]
V  [jvm.dll+0x8b5096]
V  [jvm.dll+0x8b764e]
V  [jvm.dll+0x8b7d33]
V  [jvm.dll+0x284596]
V  [jvm.dll+0xc685d]
V  [jvm.dll+0xc6da1]
V  [jvm.dll+0x26e1a0]
V  [jvm.dll+0x701862]
V  [jvm.dll+0x6ff56c]
V  [jvm.dll+0x6f4eb6]
V  [jvm.dll+0x6f4cbd]
V  [jvm.dll+0x6f0072]
V  [jvm.dll+0x6ea3a9]
V  [jvm.dll+0x6e9aa9]
V  [jvm.dll+0x6e7b2e]
V  [jvm.dll+0x1ce4fc]
V  [jvm.dll+0x24b919]
V  [jvm.dll+0x1cb4ae]
V  [jvm.dll+0x25baad]
V  [jvm.dll+0x25a03a]
V  [jvm.dll+0x3f868e]
V  [jvm.dll+0x85fb0d]
V  [jvm.dll+0x6d664d]
C  [ucrtbase.dll+0x2cd30]
C  [KERNEL32.DLL+0x2e957]
C  [ntdll.dll+0xaad6c]


---------------  P R O C E S S  ---------------

Threads class SMR info:
_java_thread_list=0x000002a7cb761780, length=71, elements={
0x000002a7e6021610, 0x000002a7fe7a5930, 0x000002a7fe7a6850, 0x000002a7fe7b33d0,
0x000002a7fe7ac140, 0x000002a7fe7b79f0, 0x000002a7fe7bbf50, 0x000002a7fe7c5320,
0x000002a7fe7c77b0, 0x000002a7c647a5f0, 0x000002a7c66dc5b0, 0x000002a7c6da8c90,
0x000002a7c69c8c30, 0x000002a7c6b27f70, 0x000002a7c69c54f0, 0x000002a7cb73bbd0,
0x000002a7cb8ad070, 0x000002a7cb68c020, 0x000002a7cb4e9cf0, 0x000002a7cb4e7590,
0x000002a7cb4e82b0, 0x000002a7cb4e6f00, 0x000002a7cb4e7c20, 0x000002a7cb4e8940,
0x000002a7cb4e8fd0, 0x000002a7cb4e9660, 0x000002a7cb4ea380, 0x000002a7cdc8c970,
0x000002a7cdc8b5c0, 0x000002a7cdc89b80, 0x000002a7cdc8bc50, 0x000002a7cdc8c2e0,
0x000002a7cdc8d000, 0x000002a7cdc8d690, 0x000002a7cdc8a210, 0x000002a7cdc8dd20,
0x000002a7cdc8a8a0, 0x000002a7cdc8e3b0, 0x000002a7cdc8f760, 0x000002a7cdc8fdf0,
0x000002a7cdc90480, 0x000002a7cd8d6870, 0x000002a7cd8d61e0, 0x000002a7cd8d6f00,
0x000002a7cd8d4e30, 0x000002a7cd8d7590, 0x000002a7cd8d5b50, 0x000002a7cd8d7c20,
0x000002a7cd8d8940, 0x000002a7cd8d54c0, 0x000002a7cd8d9cf0, 0x000002a7cd8db730,
0x000002a7cd8daa10, 0x000002a7cd8da380, 0x000002a7cd8dbdc0, 0x000002a7cd8db0a0,
0x000002a7cd8dc450, 0x000002a7cd8d9660, 0x000002a7cdc911a0, 0x000002a7cbccaf00,
0x000002a7cbcc8110, 0x000002a7cbcc7a80, 0x000002a7cbcca1e0, 0x000002a7cbcc8e30,
0x000002a7cbcca870, 0x000002a7cbcc94c0, 0x000002a7cbccb590, 0x000002a7cbccbc20,
0x000002a7cbcc87a0, 0x000002a7cbccc2b0, 0x000002a7cdb92640
}

Java Threads: ( => current thread )
  0x000002a7e6021610 JavaThread "main"                              [_thread_blocked, id=11856, stack(0x000000c09b200000,0x000000c09b300000) (1024K)]
  0x000002a7fe7a5930 JavaThread "Reference Handler"          daemon [_thread_blocked, id=11568, stack(0x000000c09b600000,0x000000c09b700000) (1024K)]
  0x000002a7fe7a6850 JavaThread "Finalizer"                  daemon [_thread_blocked, id=13228, stack(0x000000c09b700000,0x000000c09b800000) (1024K)]
  0x000002a7fe7b33d0 JavaThread "Signal Dispatcher"          daemon [_thread_blocked, id=17676, stack(0x000000c09b800000,0x000000c09b900000) (1024K)]
  0x000002a7fe7ac140 JavaThread "Attach Listener"            daemon [_thread_blocked, id=16028, stack(0x000000c09b900000,0x000000c09ba00000) (1024K)]
  0x000002a7fe7b79f0 JavaThread "Service Thread"             daemon [_thread_blocked, id=18060, stack(0x000000c09ba00000,0x000000c09bb00000) (1024K)]
  0x000002a7fe7bbf50 JavaThread "Monitor Deflation Thread"   daemon [_thread_blocked, id=18124, stack(0x000000c09bb00000,0x000000c09bc00000) (1024K)]
  0x000002a7fe7c5320 JavaThread "C2 CompilerThread0"         daemon [_thread_in_native, id=14860, stack(0x000000c09bc00000,0x000000c09bd00000) (1024K)]
  0x000002a7fe7c77b0 JavaThread "C1 CompilerThread0"         daemon [_thread_in_native, id=1396, stack(0x000000c09bd00000,0x000000c09be00000) (1024K)]
  0x000002a7c647a5f0 JavaThread "Common-Cleaner"             daemon [_thread_blocked, id=14024, stack(0x000000c09bf00000,0x000000c09c000000) (1024K)]
  0x000002a7c66dc5b0 JavaThread "Notification Thread"        daemon [_thread_blocked, id=3680, stack(0x000000c09c000000,0x000000c09c100000) (1024K)]
  0x000002a7c6da8c90 JavaThread "Active Thread: Equinox Container: 20b28fd4-7f90-4a25-a2a3-805bb8a10ca0"        [_thread_blocked, id=5256, stack(0x000000c09c800000,0x000000c09c900000) (1024K)]
  0x000002a7c69c8c30 JavaThread "Refresh Thread: Equinox Container: 20b28fd4-7f90-4a25-a2a3-805bb8a10ca0" daemon [_thread_blocked, id=8608, stack(0x000000c09c100000,0x000000c09c200000) (1024K)]
  0x000002a7c6b27f70 JavaThread "Framework Event Dispatcher: Equinox Container: 20b28fd4-7f90-4a25-a2a3-805bb8a10ca0" daemon [_thread_blocked, id=712, stack(0x000000c09ca00000,0x000000c09cb00000) (1024K)]
  0x000002a7c69c54f0 JavaThread "Start Level: Equinox Container: 20b28fd4-7f90-4a25-a2a3-805bb8a10ca0" daemon [_thread_blocked, id=19208, stack(0x000000c09cb00000,0x000000c09cc00000) (1024K)]
  0x000002a7cb73bbd0 JavaThread "Bundle File Closer"         daemon [_thread_blocked, id=9100, stack(0x000000c09cd00000,0x000000c09ce00000) (1024K)]
  0x000002a7cb8ad070 JavaThread "SCR Component Actor"        daemon [_thread_blocked, id=12404, stack(0x000000c09be00000,0x000000c09bf00000) (1024K)]
  0x000002a7cb68c020 JavaThread "Worker-JM"                         [_thread_blocked, id=8072, stack(0x000000c09cf00000,0x000000c09d000000) (1024K)]
  0x000002a7cb4e9cf0 JavaThread "Worker-0"                          [_thread_blocked, id=11612, stack(0x000000c09d000000,0x000000c09d100000) (1024K)]
  0x000002a7cb4e7590 JavaThread "Worker-1"                          [_thread_blocked, id=2680, stack(0x000000c09d100000,0x000000c09d200000) (1024K)]
  0x000002a7cb4e82b0 JavaThread "Java indexing"              daemon [_thread_blocked, id=17512, stack(0x000000c09ce00000,0x000000c09cf00000) (1024K)]
  0x000002a7cb4e6f00 JavaThread "JNA Cleaner"                daemon [_thread_blocked, id=10576, stack(0x000000c09d300000,0x000000c09d400000) (1024K)]
  0x000002a7cb4e7c20 JavaThread "Worker-2"                          [_thread_blocked, id=15912, stack(0x000000c09d600000,0x000000c09d700000) (1024K)]
  0x000002a7cb4e8940 JavaThread "Worker-3"                          [_thread_blocked, id=3752, stack(0x000000c09d700000,0x000000c09d800000) (1024K)]
  0x000002a7cb4e8fd0 JavaThread "Thread-1"                   daemon [_thread_in_native, id=728, stack(0x000000c09d800000,0x000000c09d900000) (1024K)]
  0x000002a7cb4e9660 JavaThread "Thread-2"                   daemon [_thread_in_native, id=10864, stack(0x000000c09d900000,0x000000c09da00000) (1024K)]
  0x000002a7cb4ea380 JavaThread "Thread-3"                   daemon [_thread_in_native, id=16052, stack(0x000000c09da00000,0x000000c09db00000) (1024K)]
  0x000002a7cdc8c970 JavaThread "Thread-4"                   daemon [_thread_in_native, id=2020, stack(0x000000c09db00000,0x000000c09dc00000) (1024K)]
  0x000002a7cdc8b5c0 JavaThread "Thread-5"                   daemon [_thread_in_native, id=8652, stack(0x000000c09dc00000,0x000000c09dd00000) (1024K)]
  0x000002a7cdc89b80 JavaThread "Thread-6"                   daemon [_thread_in_native, id=18464, stack(0x000000c09dd00000,0x000000c09de00000) (1024K)]
  0x000002a7cdc8bc50 JavaThread "Thread-7"                   daemon [_thread_in_native, id=4680, stack(0x000000c09de00000,0x000000c09df00000) (1024K)]
  0x000002a7cdc8c2e0 JavaThread "Thread-8"                   daemon [_thread_in_native, id=12680, stack(0x000000c09df00000,0x000000c09e000000) (1024K)]
  0x000002a7cdc8d000 JavaThread "Thread-9"                   daemon [_thread_in_native, id=9564, stack(0x000000c09e000000,0x000000c09e100000) (1024K)]
  0x000002a7cdc8d690 JavaThread "pool-2-thread-1"                   [_thread_blocked, id=16008, stack(0x000000c09e100000,0x000000c09e200000) (1024K)]
  0x000002a7cdc8a210 JavaThread "Worker-4"                          [_thread_blocked, id=5040, stack(0x000000c09e200000,0x000000c09e300000) (1024K)]
  0x000002a7cdc8dd20 JavaThread "Worker-5"                          [_thread_blocked, id=16256, stack(0x000000c09e300000,0x000000c09e400000) (1024K)]
  0x000002a7cdc8a8a0 JavaThread "WorkspaceEventsHandler"            [_thread_blocked, id=19232, stack(0x000000c09e400000,0x000000c09e500000) (1024K)]
  0x000002a7cdc8e3b0 JavaThread "pool-1-thread-1"                   [_thread_blocked, id=16104, stack(0x000000c09e500000,0x000000c09e600000) (1024K)]
  0x000002a7cdc8f760 JavaThread "ForkJoinPool.commonPool-worker-1" daemon [_thread_blocked, id=19200, stack(0x000000c09e800000,0x000000c09e900000) (1024K)]
  0x000002a7cdc8fdf0 JavaThread "ForkJoinPool.commonPool-worker-2" daemon [_thread_blocked, id=2120, stack(0x000000c09e900000,0x000000c09ea00000) (1024K)]
  0x000002a7cdc90480 JavaThread "ForkJoinPool.commonPool-worker-3" daemon [_thread_blocked, id=18748, stack(0x000000c09ea00000,0x000000c09eb00000) (1024K)]
  0x000002a7cd8d6870 JavaThread "ForkJoinPool.commonPool-worker-5" daemon [_thread_blocked, id=17636, stack(0x000000c09ed00000,0x000000c09ee00000) (1024K)]
  0x000002a7cd8d61e0 JavaThread "LocalFile Deleter"          daemon [_thread_blocked, id=3008, stack(0x000000c09ec00000,0x000000c09ed00000) (1024K)]
  0x000002a7cd8d6f00 JavaThread "LocalFile Deleter"          daemon [_thread_blocked, id=9364, stack(0x000000c09ee00000,0x000000c09ef00000) (1024K)]
  0x000002a7cd8d4e30 JavaThread "LocalFile Deleter"          daemon [_thread_blocked, id=19004, stack(0x000000c09ef00000,0x000000c09f000000) (1024K)]
  0x000002a7cd8d7590 JavaThread "LocalFile Deleter"          daemon [_thread_blocked, id=15516, stack(0x000000c09f000000,0x000000c09f100000) (1024K)]
  0x000002a7cd8d5b50 JavaThread "LocalFile Deleter"          daemon [_thread_blocked, id=7432, stack(0x000000c09f100000,0x000000c09f200000) (1024K)]
  0x000002a7cd8d7c20 JavaThread "LocalFile Deleter"          daemon [_thread_blocked, id=13560, stack(0x000000c09f200000,0x000000c09f300000) (1024K)]
  0x000002a7cd8d8940 JavaThread "LocalFile Deleter"          daemon [_thread_blocked, id=7672, stack(0x000000c09f300000,0x000000c09f400000) (1024K)]
  0x000002a7cd8d54c0 JavaThread "LocalFile Deleter"          daemon [_thread_blocked, id=15552, stack(0x000000c09f400000,0x000000c09f500000) (1024K)]
  0x000002a7cd8d9cf0 JavaThread "Compiler Source File Reader" daemon [_thread_blocked, id=17452, stack(0x000000c09f500000,0x000000c09f600000) (1024K)]
  0x000002a7cd8db730 JavaThread "Compiler Source File Reader" daemon [_thread_blocked, id=11544, stack(0x000000c09f600000,0x000000c09f700000) (1024K)]
  0x000002a7cd8daa10 JavaThread "Compiler Source File Reader" daemon [_thread_blocked, id=5704, stack(0x000000c09f700000,0x000000c09f800000) (1024K)]
  0x000002a7cd8da380 JavaThread "Compiler Source File Reader" daemon [_thread_blocked, id=9456, stack(0x000000c09f800000,0x000000c09f900000) (1024K)]
  0x000002a7cd8dbdc0 JavaThread "Compiler Source File Reader" daemon [_thread_blocked, id=1860, stack(0x000000c09f900000,0x000000c09fa00000) (1024K)]
  0x000002a7cd8db0a0 JavaThread "Compiler Source File Reader" daemon [_thread_blocked, id=8620, stack(0x000000c09fa00000,0x000000c09fb00000) (1024K)]
  0x000002a7cd8dc450 JavaThread "Compiler Processing Task"   daemon [_thread_blocked, id=18932, stack(0x000000c09fb00000,0x000000c09fc00000) (1024K)]
  0x000002a7cd8d9660 JavaThread "Compiler Class File Writer" daemon [_thread_blocked, id=11184, stack(0x000000c09fc00000,0x000000c09fd00000) (1024K)]
  0x000002a7cdc911a0 JavaThread "Compiler Class File Writer" daemon [_thread_blocked, id=4216, stack(0x000000c09fd00000,0x000000c09fe00000) (1024K)]
  0x000002a7cbccaf00 JavaThread "Compiler Class File Writer" daemon [_thread_blocked, id=8448, stack(0x000000c09fe00000,0x000000c09ff00000) (1024K)]
  0x000002a7cbcc8110 JavaThread "Compiler Class File Writer" daemon [_thread_blocked, id=12904, stack(0x000000c09ff00000,0x000000c0a0000000) (1024K)]
  0x000002a7cbcc7a80 JavaThread "Compiler Class File Writer" daemon [_thread_blocked, id=5356, stack(0x000000c0a0000000,0x000000c0a0100000) (1024K)]
  0x000002a7cbcca1e0 JavaThread "Compiler Class File Writer" daemon [_thread_blocked, id=15312, stack(0x000000c0a0100000,0x000000c0a0200000) (1024K)]
  0x000002a7cbcc8e30 JavaThread "PatternSearchJob-worker-1"  daemon [_thread_blocked, id=4908, stack(0x000000c0a0200000,0x000000c0a0300000) (1024K)]
  0x000002a7cbcca870 JavaThread "PatternSearchJob-worker-2"  daemon [_thread_blocked, id=15056, stack(0x000000c0a0300000,0x000000c0a0400000) (1024K)]
  0x000002a7cbcc94c0 JavaThread "PatternSearchJob-worker-3"  daemon [_thread_blocked, id=5320, stack(0x000000c0a0400000,0x000000c0a0500000) (1024K)]
  0x000002a7cbccb590 JavaThread "PatternSearchJob-worker-4"  daemon [_thread_blocked, id=1940, stack(0x000000c0a0500000,0x000000c0a0600000) (1024K)]
  0x000002a7cbccbc20 JavaThread "PatternSearchJob-worker-5"  daemon [_thread_blocked, id=3476, stack(0x000000c0a0600000,0x000000c0a0700000) (1024K)]
  0x000002a7cbcc87a0 JavaThread "PatternSearchJob-worker-6"  daemon [_thread_blocked, id=13656, stack(0x000000c0a0700000,0x000000c0a0800000) (1024K)]
  0x000002a7cbccc2b0 JavaThread "PatternSearchJob-worker-7"  daemon [_thread_blocked, id=12100, stack(0x000000c0a0800000,0x000000c0a0900000) (1024K)]
=>0x000002a7cdb92640 JavaThread "C2 CompilerThread1"         daemon [_thread_in_native, id=14408, stack(0x000000c09af00000,0x000000c09b000000) (1024K)]
Total: 71

Other Threads:
  0x000002a7e5cce800 VMThread "VM Thread"                           [id=18708, stack(0x000000c09b500000,0x000000c09b600000) (1024K)]
  0x000002a7fe6aca00 WatcherThread "VM Periodic Task Thread"        [id=13264, stack(0x000000c09b400000,0x000000c09b500000) (1024K)]
  0x000002a7e6036e80 WorkerThread "GC Thread#0"                     [id=16904, stack(0x000000c09b300000,0x000000c09b400000) (1024K)]
  0x000002a7c6d16190 WorkerThread "GC Thread#1"                     [id=5452, stack(0x000000c09c200000,0x000000c09c300000) (1024K)]
  0x000002a7c6d16540 WorkerThread "GC Thread#2"                     [id=11852, stack(0x000000c09c300000,0x000000c09c400000) (1024K)]
  0x000002a7c67a7840 WorkerThread "GC Thread#3"                     [id=17136, stack(0x000000c09c400000,0x000000c09c500000) (1024K)]
  0x000002a7c67a7bf0 WorkerThread "GC Thread#4"                     [id=616, stack(0x000000c09c500000,0x000000c09c600000) (1024K)]
  0x000002a7c67a7fa0 WorkerThread "GC Thread#5"                     [id=4192, stack(0x000000c09c600000,0x000000c09c700000) (1024K)]
  0x000002a7c6d19150 WorkerThread "GC Thread#6"                     [id=9708, stack(0x000000c09c700000,0x000000c09c800000) (1024K)]
  0x000002a7c6b73ab0 WorkerThread "GC Thread#7"                     [id=13360, stack(0x000000c09c900000,0x000000c09ca00000) (1024K)]
Total: 10

Threads with active compile tasks:
C2 CompilerThread0  78372 12856       4       org.eclipse.jdt.internal.core.search.matching.JavaSearchNameEnvironment::indexPackageNames (117 bytes)
C1 CompilerThread0  78372 12860   !   3       org.eclipse.jdt.internal.compiler.parser.Scanner::getNextToken0 (3068 bytes)
C2 CompilerThread1  78372 12859       4       org.eclipse.jdt.internal.compiler.parser.Parser::consumeToken (2260 bytes)
Total: 3

VM state: not at safepoint (normal execution)

VM Mutex/Monitor currently owned by a thread: None

OutOfMemory and StackOverflow Exception counts:
OutOfMemoryError java_heap_errors=1
LinkageErrors=30

Heap address: 0x0000000080000000, size: 2048 MB, Compressed Oops mode: 32-bit

CDS archive(s) mapped at: [0x000002a780000000-0x000002a780ba0000-0x000002a785a60000), size 94765056, SharedBaseAddress: 0x000002a780000000, ArchiveRelocationMode: 1.
Compressed class space mapped at: 0x000002a786000000-0x000002a7c6000000, reserved size: 1073741824
Narrow klass base: 0x000002a780000000, Narrow klass shift: 0, Narrow klass range: 0x100000000

GC Precious Log:
 CardTable entry size: 512
 CPUs: 8 total, 8 available
 Memory: 7885M
 Large Page Support: Disabled
 NUMA Support: Disabled
 Compressed Oops: Enabled (32-bit)
 Alignments: Space 512K, Generation 512K, Heap 2M
 Heap Min Capacity: 100M
 Heap Initial Capacity: 100M
 Heap Max Capacity: 2G
 Pre-touch: Disabled
 Parallel Workers: 8

Heap:
 PSYoungGen      total 7680K, used 2093K [0x00000000d5580000, 0x00000000d6180000, 0x0000000100000000)
  eden space 7168K, 22% used [0x00000000d5580000,0x00000000d570bf08,0x00000000d5c80000)
  from space 512K, 99% used [0x00000000d6100000,0x00000000d617f5b0,0x00000000d6180000)
  to   space 512K, 0% used [0x00000000d6080000,0x00000000d6080000,0x00000000d6100000)
 ParOldGen       total 95232K, used 95013K [0x0000000080000000, 0x0000000085d00000, 0x00000000d5580000)
  object space 95232K, 99% used [0x0000000080000000,0x0000000085cc97e8,0x0000000085d00000)
 Metaspace       used 24961K, committed 26048K, reserved 1114112K
  class space    used 2273K, committed 2752K, reserved 1048576K

Card table byte_map: [0x000002a7f9ae0000,0x000002a7f9ef0000] _byte_map_base: 0x000002a7f96e0000

Marking Bits: (ParMarkBitMap*) 0x00007ffd52904460
 Begin Bits: [0x000002a7fa1a0000, 0x000002a7fc1a0000)
 End Bits:   [0x000002a7fc1a0000, 0x000002a7fe1a0000)

Polling page: 0x000002a7e5d60000

Metaspace:

Usage:
  Non-class:     22.16 MB used.
      Class:      2.22 MB used.
       Both:     24.38 MB used.

Virtual space:
  Non-class space:       64.00 MB reserved,      22.75 MB ( 36%) committed,  1 nodes.
      Class space:        1.00 GB reserved,       2.69 MB ( <1%) committed,  1 nodes.
             Both:        1.06 GB reserved,      25.44 MB (  2%) committed. 

Chunk freelists:
   Non-Class:  9.20 MB
       Class:  13.29 MB
        Both:  22.49 MB

MaxMetaspaceSize: unlimited
CompressedClassSpaceSize: 1.00 GB
Initial GC threshold: 21.00 MB
Current GC threshold: 35.00 MB
CDS: on
 - commit_granule_bytes: 65536.
 - commit_granule_words: 8192.
 - virtual_space_node_default_size: 8388608.
 - enlarge_chunks_in_place: 1.
 - use_allocation_guard: 0.


Internal statistics:

num_allocs_failed_limit: 3.
num_arena_births: 862.
num_arena_deaths: 8.
num_vsnodes_births: 2.
num_vsnodes_deaths: 0.
num_space_committed: 407.
num_space_uncommitted: 0.
num_chunks_returned_to_freelist: 11.
num_chunks_taken_from_freelist: 2199.
num_chunk_merges: 7.
num_chunk_splits: 1312.
num_chunks_enlarged: 702.
num_inconsistent_stats: 0.

CodeHeap 'non-profiled nmethods': size=120000Kb used=8679Kb max_used=8679Kb free=111320Kb
 bounds [0x000002a7f23d0000, 0x000002a7f2c50000, 0x000002a7f9900000]
CodeHeap 'profiled nmethods': size=120000Kb used=29799Kb max_used=29799Kb free=90200Kb
 bounds [0x000002a7ea900000, 0x000002a7ec620000, 0x000002a7f1e30000]
CodeHeap 'non-nmethods': size=5760Kb used=1469Kb max_used=1551Kb free=4290Kb
 bounds [0x000002a7f1e30000, 0x000002a7f20a0000, 0x000002a7f23d0000]
CodeCache: size=245760Kb, used=39947Kb, max_used=40029Kb, free=205810Kb
 total_blobs=13626, nmethods=12840, adapters=691, full_count=0
Compilation: enabled, stopped_count=0, restarted_count=0

Compilation events (20 events):
Event: 78.271 Thread 0x000002a7cdb92640 12825       4       org.eclipse.jdt.internal.core.util.HashSetOfArray::add (100 bytes)
Event: 78.279 Thread 0x000002a7cdb92640 nmethod 12825 0x000002a7f2c3fc10 code [0x000002a7f2c3fe40, 0x000002a7f2c40598]
Event: 78.279 Thread 0x000002a7cdb92640 12844  s    4       org.eclipse.jdt.internal.core.JavaModelManager::getInfo (39 bytes)
Event: 78.279 Thread 0x000002a7fe7c5320 nmethod 12839 0x000002a7f2c40a90 code [0x000002a7f2c40cc0, 0x000002a7f2c41728]
Event: 78.279 Thread 0x000002a7fe7c5320 12840       4       org.eclipse.jdt.internal.core.JavaModelCache::getInfo (156 bytes)
Event: 78.281 Thread 0x000002a7fe7c77b0 12853       3       org.eclipse.jdt.internal.core.builder.ClasspathLocation::forLibrary (36 bytes)
Event: 78.281 Thread 0x000002a7fe7c77b0 nmethod 12853 0x000002a7ec616310 code [0x000002a7ec616500, 0x000002a7ec6168b0]
Event: 78.306 Thread 0x000002a7fe7c77b0 12855   !   3       org.eclipse.jdt.internal.core.JavaModelManager$ZipCache::setCache (132 bytes)
Event: 78.307 Thread 0x000002a7fe7c77b0 nmethod 12855 0x000002a7ec616a90 code [0x000002a7ec616d80, 0x000002a7ec617c70]
Event: 78.317 Thread 0x000002a7fe7c77b0 12857       3       org.eclipse.jdt.internal.core.JavaModelManager::knowsOption (34 bytes)
Event: 78.318 Thread 0x000002a7fe7c77b0 nmethod 12857 0x000002a7ec618390 code [0x000002a7ec618560, 0x000002a7ec618988]
Event: 78.318 Thread 0x000002a7fe7c5320 nmethod 12840 0x000002a7f2c41d10 code [0x000002a7f2c42100, 0x000002a7f2c44648]
Event: 78.318 Thread 0x000002a7fe7c5320 12856       4       org.eclipse.jdt.internal.core.search.matching.JavaSearchNameEnvironment::indexPackageNames (117 bytes)
Event: 78.325 Thread 0x000002a7cdb92640 nmethod 12844 0x000002a7f2c45590 code [0x000002a7f2c459e0, 0x000002a7f2c48528]
Event: 78.326 Thread 0x000002a7cdb92640 12854       4       org.eclipse.jdt.internal.core.OverflowingLRUCache::updateTimestamp (43 bytes)
Event: 78.328 Thread 0x000002a7cdb92640 nmethod 12854 0x000002a7f2c49810 code [0x000002a7f2c499a0, 0x000002a7f2c49b40]
Event: 78.333 Thread 0x000002a7fe7c77b0 12858       3       org.eclipse.jdt.internal.compiler.parser.Scanner::scanIdentifierOrKeyword (277 bytes)
Event: 78.333 Thread 0x000002a7cdb92640 12859       4       org.eclipse.jdt.internal.compiler.parser.Parser::consumeToken (2260 bytes)
Event: 78.334 Thread 0x000002a7fe7c77b0 nmethod 12858 0x000002a7ec618b10 code [0x000002a7ec618da0, 0x000002a7ec619a10]
Event: 78.334 Thread 0x000002a7fe7c77b0 12860   !   3       org.eclipse.jdt.internal.compiler.parser.Scanner::getNextToken0 (3068 bytes)

GC Heap History (20 events):
Event: 18.355 GC heap before
{Heap before GC invocations=70 (full 1):
 PSYoungGen      total 9216K, used 9212K [0x00000000d5580000, 0x00000000d6800000, 0x0000000100000000)
  eden space 8704K, 100% used [0x00000000d5580000,0x00000000d5e00000,0x00000000d5e00000)
  from space 512K, 99% used [0x00000000d6600000,0x00000000d667f218,0x00000000d6680000)
  to   space 5120K, 0% used [0x00000000d5e00000,0x00000000d5e00000,0x00000000d6300000)
 ParOldGen       total 83456K, used 83227K [0x0000000080000000, 0x0000000085180000, 0x00000000d5580000)
  object space 83456K, 99% used [0x0000000080000000,0x0000000085146d60,0x0000000085180000)
 Metaspace       used 24548K, committed 25664K, reserved 1114112K
  class space    used 2231K, committed 2688K, reserved 1048576K
}
Event: 18.358 GC heap after
{Heap after GC invocations=70 (full 1):
 PSYoungGen      total 13824K, used 1248K [0x00000000d5580000, 0x00000000d6680000, 0x0000000100000000)
  eden space 8704K, 0% used [0x00000000d5580000,0x00000000d5580000,0x00000000d5e00000)
  from space 5120K, 24% used [0x00000000d5e00000,0x00000000d5f38000,0x00000000d6300000)
  to   space 2560K, 0% used [0x00000000d6400000,0x00000000d6400000,0x00000000d6680000)
 ParOldGen       total 83968K, used 83746K [0x0000000080000000, 0x0000000085200000, 0x00000000d5580000)
  object space 83968K, 99% used [0x0000000080000000,0x00000000851c8980,0x0000000085200000)
 Metaspace       used 24548K, committed 25664K, reserved 1114112K
  class space    used 2231K, committed 2688K, reserved 1048576K
}
Event: 18.464 GC heap before
{Heap before GC invocations=71 (full 1):
 PSYoungGen      total 13824K, used 9952K [0x00000000d5580000, 0x00000000d6680000, 0x0000000100000000)
  eden space 8704K, 100% used [0x00000000d5580000,0x00000000d5e00000,0x00000000d5e00000)
  from space 5120K, 24% used [0x00000000d5e00000,0x00000000d5f38000,0x00000000d6300000)
  to   space 2560K, 0% used [0x00000000d6400000,0x00000000d6400000,0x00000000d6680000)
 ParOldGen       total 83968K, used 83746K [0x0000000080000000, 0x0000000085200000, 0x00000000d5580000)
  object space 83968K, 99% used [0x0000000080000000,0x00000000851c8980,0x0000000085200000)
 Metaspace       used 24577K, committed 25664K, reserved 1114112K
  class space    used 2231K, committed 2688K, reserved 1048576K
}
Event: 18.469 GC heap after
{Heap after GC invocations=71 (full 1):
 PSYoungGen      total 9728K, used 2531K [0x00000000d5580000, 0x00000000d6d00000, 0x0000000100000000)
  eden space 7168K, 0% used [0x00000000d5580000,0x00000000d5580000,0x00000000d5c80000)
  from space 2560K, 98% used [0x00000000d6400000,0x00000000d6678ce0,0x00000000d6680000)
  to   space 7680K, 0% used [0x00000000d5c80000,0x00000000d5c80000,0x00000000d6400000)
 ParOldGen       total 88064K, used 87733K [0x0000000080000000, 0x0000000085600000, 0x00000000d5580000)
  object space 88064K, 99% used [0x0000000080000000,0x00000000855ad560,0x0000000085600000)
 Metaspace       used 24577K, committed 25664K, reserved 1114112K
  class space    used 2231K, committed 2688K, reserved 1048576K
}
Event: 18.715 GC heap before
{Heap before GC invocations=72 (full 1):
 PSYoungGen      total 9728K, used 9699K [0x00000000d5580000, 0x00000000d6d00000, 0x0000000100000000)
  eden space 7168K, 100% used [0x00000000d5580000,0x00000000d5c80000,0x00000000d5c80000)
  from space 2560K, 98% used [0x00000000d6400000,0x00000000d6678ce0,0x00000000d6680000)
  to   space 7680K, 0% used [0x00000000d5c80000,0x00000000d5c80000,0x00000000d6400000)
 ParOldGen       total 88064K, used 87733K [0x0000000080000000, 0x0000000085600000, 0x00000000d5580000)
  object space 88064K, 99% used [0x0000000080000000,0x00000000855ad560,0x0000000085600000)
 Metaspace       used 24629K, committed 25728K, reserved 1114112K
  class space    used 2234K, committed 2688K, reserved 1048576K
}
Event: 18.717 GC heap after
{Heap after GC invocations=72 (full 1):
 PSYoungGen      total 8192K, used 624K [0x00000000d5580000, 0x00000000d6480000, 0x0000000100000000)
  eden space 7168K, 0% used [0x00000000d5580000,0x00000000d5580000,0x00000000d5c80000)
  from space 1024K, 60% used [0x00000000d5c80000,0x00000000d5d1c010,0x00000000d5d80000)
  to   space 3072K, 0% used [0x00000000d6180000,0x00000000d6180000,0x00000000d6480000)
 ParOldGen       total 88064K, used 87838K [0x0000000080000000, 0x0000000085600000, 0x00000000d5580000)
  object space 88064K, 99% used [0x0000000080000000,0x00000000855c7918,0x0000000085600000)
 Metaspace       used 24629K, committed 25728K, reserved 1114112K
  class space    used 2234K, committed 2688K, reserved 1048576K
}
Event: 19.011 GC heap before
{Heap before GC invocations=73 (full 1):
 PSYoungGen      total 8192K, used 7792K [0x00000000d5580000, 0x00000000d6480000, 0x0000000100000000)
  eden space 7168K, 100% used [0x00000000d5580000,0x00000000d5c80000,0x00000000d5c80000)
  from space 1024K, 60% used [0x00000000d5c80000,0x00000000d5d1c010,0x00000000d5d80000)
  to   space 3072K, 0% used [0x00000000d6180000,0x00000000d6180000,0x00000000d6480000)
 ParOldGen       total 88064K, used 87838K [0x0000000080000000, 0x0000000085600000, 0x00000000d5580000)
  object space 88064K, 99% used [0x0000000080000000,0x00000000855c7918,0x0000000085600000)
 Metaspace       used 24629K, committed 25728K, reserved 1114112K
  class space    used 2234K, committed 2688K, reserved 1048576K
}
Event: 19.013 GC heap after
{Heap after GC invocations=73 (full 1):
 PSYoungGen      total 7680K, used 64K [0x00000000d5580000, 0x00000000d6200000, 0x0000000100000000)
  eden space 7168K, 0% used [0x00000000d5580000,0x00000000d5580000,0x00000000d5c80000)
  from space 512K, 12% used [0x00000000d6180000,0x00000000d6190000,0x00000000d6200000)
  to   space 1024K, 0% used [0x00000000d6000000,0x00000000d6000000,0x00000000d6100000)
 ParOldGen       total 88576K, used 88281K [0x0000000080000000, 0x0000000085680000, 0x00000000d5580000)
  object space 88576K, 99% used [0x0000000080000000,0x0000000085636640,0x0000000085680000)
 Metaspace       used 24629K, committed 25728K, reserved 1114112K
  class space    used 2234K, committed 2688K, reserved 1048576K
}
Event: 31.705 GC heap before
{Heap before GC invocations=74 (full 1):
 PSYoungGen      total 7680K, used 7232K [0x00000000d5580000, 0x00000000d6200000, 0x0000000100000000)
  eden space 7168K, 100% used [0x00000000d5580000,0x00000000d5c80000,0x00000000d5c80000)
  from space 512K, 12% used [0x00000000d6180000,0x00000000d6190000,0x00000000d6200000)
  to   space 1024K, 0% used [0x00000000d6000000,0x00000000d6000000,0x00000000d6100000)
 ParOldGen       total 88576K, used 88281K [0x0000000080000000, 0x0000000085680000, 0x00000000d5580000)
  object space 88576K, 99% used [0x0000000080000000,0x0000000085636640,0x0000000085680000)
 Metaspace       used 24711K, committed 25792K, reserved 1114112K
  class space    used 2238K, committed 2688K, reserved 1048576K
}
Event: 31.706 GC heap after
{Heap after GC invocations=74 (full 1):
 PSYoungGen      total 8192K, used 800K [0x00000000d5580000, 0x00000000d6200000, 0x0000000100000000)
  eden space 7168K, 0% used [0x00000000d5580000,0x00000000d5580000,0x00000000d5c80000)
  from space 1024K, 78% used [0x00000000d6000000,0x00000000d60c8030,0x00000000d6100000)
  to   space 1024K, 0% used [0x00000000d6100000,0x00000000d6100000,0x00000000d6200000)
 ParOldGen       total 88576K, used 88289K [0x0000000080000000, 0x0000000085680000, 0x00000000d5580000)
  object space 88576K, 99% used [0x0000000080000000,0x0000000085638640,0x0000000085680000)
 Metaspace       used 24711K, committed 25792K, reserved 1114112K
  class space    used 2238K, committed 2688K, reserved 1048576K
}
Event: 50.766 GC heap before
{Heap before GC invocations=75 (full 1):
 PSYoungGen      total 8192K, used 7968K [0x00000000d5580000, 0x00000000d6200000, 0x0000000100000000)
  eden space 7168K, 100% used [0x00000000d5580000,0x00000000d5c80000,0x00000000d5c80000)
  from space 1024K, 78% used [0x00000000d6000000,0x00000000d60c8030,0x00000000d6100000)
  to   space 1024K, 0% used [0x00000000d6100000,0x00000000d6100000,0x00000000d6200000)
 ParOldGen       total 88576K, used 88289K [0x0000000080000000, 0x0000000085680000, 0x00000000d5580000)
  object space 88576K, 99% used [0x0000000080000000,0x0000000085638640,0x0000000085680000)
 Metaspace       used 24808K, committed 25984K, reserved 1114112K
  class space    used 2249K, committed 2752K, reserved 1048576K
}
Event: 50.768 GC heap after
{Heap after GC invocations=75 (full 1):
 PSYoungGen      total 7680K, used 416K [0x00000000d5580000, 0x00000000d6180000, 0x0000000100000000)
  eden space 7168K, 0% used [0x00000000d5580000,0x00000000d5580000,0x00000000d5c80000)
  from space 512K, 81% used [0x00000000d6100000,0x00000000d6168000,0x00000000d6180000)
  to   space 1024K, 0% used [0x00000000d5f80000,0x00000000d5f80000,0x00000000d6080000)
 ParOldGen       total 88576K, used 88465K [0x0000000080000000, 0x0000000085680000, 0x00000000d5580000)
  object space 88576K, 99% used [0x0000000080000000,0x0000000085664640,0x0000000085680000)
 Metaspace       used 24808K, committed 25984K, reserved 1114112K
  class space    used 2249K, committed 2752K, reserved 1048576K
}
Event: 50.857 GC heap before
{Heap before GC invocations=76 (full 1):
 PSYoungGen      total 7680K, used 7584K [0x00000000d5580000, 0x00000000d6180000, 0x0000000100000000)
  eden space 7168K, 100% used [0x00000000d5580000,0x00000000d5c80000,0x00000000d5c80000)
  from space 512K, 81% used [0x00000000d6100000,0x00000000d6168000,0x00000000d6180000)
  to   space 1024K, 0% used [0x00000000d5f80000,0x00000000d5f80000,0x00000000d6080000)
 ParOldGen       total 88576K, used 88465K [0x0000000080000000, 0x0000000085680000, 0x00000000d5580000)
  object space 88576K, 99% used [0x0000000080000000,0x0000000085664640,0x0000000085680000)
 Metaspace       used 24832K, committed 25984K, reserved 1114112K
  class space    used 2250K, committed 2752K, reserved 1048576K
}
Event: 50.858 GC heap after
{Heap after GC invocations=76 (full 1):
 PSYoungGen      total 8192K, used 368K [0x00000000d5580000, 0x00000000d6180000, 0x0000000100000000)
  eden space 7168K, 0% used [0x00000000d5580000,0x00000000d5580000,0x00000000d5c80000)
  from space 1024K, 35% used [0x00000000d5f80000,0x00000000d5fdc010,0x00000000d6080000)
  to   space 512K, 0% used [0x00000000d6100000,0x00000000d6100000,0x00000000d6180000)
 ParOldGen       total 89088K, used 88782K [0x0000000080000000, 0x0000000085700000, 0x00000000d5580000)
  object space 89088K, 99% used [0x0000000080000000,0x00000000856b3820,0x0000000085700000)
 Metaspace       used 24832K, committed 25984K, reserved 1114112K
  class space    used 2250K, committed 2752K, reserved 1048576K
}
Event: 50.950 GC heap before
{Heap before GC invocations=77 (full 1):
 PSYoungGen      total 8192K, used 7536K [0x00000000d5580000, 0x00000000d6180000, 0x0000000100000000)
  eden space 7168K, 100% used [0x00000000d5580000,0x00000000d5c80000,0x00000000d5c80000)
  from space 1024K, 35% used [0x00000000d5f80000,0x00000000d5fdc010,0x00000000d6080000)
  to   space 512K, 0% used [0x00000000d6100000,0x00000000d6100000,0x00000000d6180000)
 ParOldGen       total 89088K, used 88782K [0x0000000080000000, 0x0000000085700000, 0x00000000d5580000)
  object space 89088K, 99% used [0x0000000080000000,0x00000000856b3820,0x0000000085700000)
 Metaspace       used 24832K, committed 25984K, reserved 1114112K
  class space    used 2250K, committed 2752K, reserved 1048576K
}
Event: 50.951 GC heap after
{Heap after GC invocations=77 (full 1):
 PSYoungGen      total 7680K, used 96K [0x00000000d5580000, 0x00000000d6180000, 0x0000000100000000)
  eden space 7168K, 0% used [0x00000000d5580000,0x00000000d5580000,0x00000000d5c80000)
  from space 512K, 18% used [0x00000000d6100000,0x00000000d6118000,0x00000000d6180000)
  to   space 512K, 0% used [0x00000000d6080000,0x00000000d6080000,0x00000000d6100000)
 ParOldGen       total 89088K, used 89006K [0x0000000080000000, 0x0000000085700000, 0x00000000d5580000)
  object space 89088K, 99% used [0x0000000080000000,0x00000000856eb820,0x0000000085700000)
 Metaspace       used 24832K, committed 25984K, reserved 1114112K
  class space    used 2250K, committed 2752K, reserved 1048576K
}
Event: 78.269 GC heap before
{Heap before GC invocations=78 (full 1):
 PSYoungGen      total 7680K, used 7246K [0x00000000d5580000, 0x00000000d6180000, 0x0000000100000000)
  eden space 7168K, 99% used [0x00000000d5580000,0x00000000d5c7b960,0x00000000d5c80000)
  from space 512K, 18% used [0x00000000d6100000,0x00000000d6118000,0x00000000d6180000)
  to   space 512K, 0% used [0x00000000d6080000,0x00000000d6080000,0x00000000d6100000)
 ParOldGen       total 89088K, used 89006K [0x0000000080000000, 0x0000000085700000, 0x00000000d5580000)
  object space 89088K, 99% used [0x0000000080000000,0x00000000856eb820,0x0000000085700000)
 Metaspace       used 24879K, committed 25984K, reserved 1114112K
  class space    used 2257K, committed 2752K, reserved 1048576K
}
Event: 78.271 GC heap after
{Heap after GC invocations=78 (full 1):
 PSYoungGen      total 7680K, used 493K [0x00000000d5580000, 0x00000000d6180000, 0x0000000100000000)
  eden space 7168K, 0% used [0x00000000d5580000,0x00000000d5580000,0x00000000d5c80000)
  from space 512K, 96% used [0x00000000d6080000,0x00000000d60fb5d0,0x00000000d6100000)
  to   space 512K, 0% used [0x00000000d6100000,0x00000000d6100000,0x00000000d6180000)
 ParOldGen       total 89600K, used 89282K [0x0000000080000000, 0x0000000085780000, 0x00000000d5580000)
  object space 89600K, 99% used [0x0000000080000000,0x0000000085730a20,0x0000000085780000)
 Metaspace       used 24879K, committed 25984K, reserved 1114112K
  class space    used 2257K, committed 2752K, reserved 1048576K
}
Event: 78.322 GC heap before
{Heap before GC invocations=79 (full 1):
 PSYoungGen      total 7680K, used 7660K [0x00000000d5580000, 0x00000000d6180000, 0x0000000100000000)
  eden space 7168K, 99% used [0x00000000d5580000,0x00000000d5c7fcd8,0x00000000d5c80000)
  from space 512K, 96% used [0x00000000d6080000,0x00000000d60fb5d0,0x00000000d6100000)
  to   space 512K, 0% used [0x00000000d6100000,0x00000000d6100000,0x00000000d6180000)
 ParOldGen       total 89600K, used 89282K [0x0000000080000000, 0x0000000085780000, 0x00000000d5580000)
  object space 89600K, 99% used [0x0000000080000000,0x0000000085730a20,0x0000000085780000)
 Metaspace       used 24938K, committed 26048K, reserved 1114112K
  class space    used 2270K, committed 2752K, reserved 1048576K
}
Event: 78.325 GC heap after
{Heap after GC invocations=79 (full 1):
 PSYoungGen      total 7680K, used 509K [0x00000000d5580000, 0x00000000d6180000, 0x0000000100000000)
  eden space 7168K, 0% used [0x00000000d5580000,0x00000000d5580000,0x00000000d5c80000)
  from space 512K, 99% used [0x00000000d6100000,0x00000000d617f5b0,0x00000000d6180000)
  to   space 512K, 0% used [0x00000000d6080000,0x00000000d6080000,0x00000000d6100000)
 ParOldGen       total 95232K, used 95013K [0x0000000080000000, 0x0000000085d00000, 0x00000000d5580000)
  object space 95232K, 99% used [0x0000000080000000,0x0000000085cc97e8,0x0000000085d00000)
 Metaspace       used 24938K, committed 26048K, reserved 1114112K
  class space    used 2270K, committed 2752K, reserved 1048576K
}

Dll operation events (14 events):
Event: 0.018 Loaded shared library c:\Users\enriq\.vscode-insiders\extensions\redhat.java-1.55.0-win32-x64\jre\21.0.11-win32-x86_64\bin\java.dll
Event: 0.169 Loaded shared library c:\Users\enriq\.vscode-insiders\extensions\redhat.java-1.55.0-win32-x64\jre\21.0.11-win32-x86_64\bin\zip.dll
Event: 0.173 Loaded shared library C:\Users\enriq\.vscode-insiders\extensions\redhat.java-1.55.0-win32-x64\jre\21.0.11-win32-x86_64\bin\instrument.dll
Event: 0.179 Loaded shared library C:\Users\enriq\.vscode-insiders\extensions\redhat.java-1.55.0-win32-x64\jre\21.0.11-win32-x86_64\bin\net.dll
Event: 0.181 Loaded shared library C:\Users\enriq\.vscode-insiders\extensions\redhat.java-1.55.0-win32-x64\jre\21.0.11-win32-x86_64\bin\nio.dll
Event: 0.184 Loaded shared library C:\Users\enriq\.vscode-insiders\extensions\redhat.java-1.55.0-win32-x64\jre\21.0.11-win32-x86_64\bin\zip.dll
Event: 0.203 Loaded shared library C:\Users\enriq\.vscode-insiders\extensions\redhat.java-1.55.0-win32-x64\jre\21.0.11-win32-x86_64\bin\jimage.dll
Event: 0.306 Loaded shared library c:\Users\enriq\.vscode-insiders\extensions\redhat.java-1.55.0-win32-x64\jre\21.0.11-win32-x86_64\bin\verify.dll
Event: 2.001 Loaded shared library C:\Users\enriq\AppData\Roaming\Code - Insiders\User\globalStorage\redhat.java\1.55.0\config_win\org.eclipse.equinox.launcher\org.eclipse.equinox.launcher.win32.win32.x86_64_1.3.100.v20260613-0559\eclipse_11924.dll
Event: 4.938 Loaded shared library C:\Users\enriq\.vscode-insiders\extensions\redhat.java-1.55.0-win32-x64\jre\21.0.11-win32-x86_64\bin\management.dll
Event: 4.941 Loaded shared library C:\Users\enriq\.vscode-insiders\extensions\redhat.java-1.55.0-win32-x64\jre\21.0.11-win32-x86_64\bin\management_ext.dll
Event: 6.133 Loaded shared library C:\Users\enriq\AppData\Local\Temp\jna-96665553\jna3580089832500609726.dll
Event: 6.633 Loaded shared library C:\Users\enriq\.vscode-insiders\extensions\redhat.java-1.55.0-win32-x64\jre\21.0.11-win32-x86_64\bin\sunmscapi.dll
Event: 6.823 Loaded shared library C:\Users\enriq\.vscode-insiders\extensions\redhat.java-1.55.0-win32-x64\jre\21.0.11-win32-x86_64\bin\extnet.dll

Deoptimization events (20 events):
Event: 78.223 Thread 0x000002a7cdc8f760 Uncommon trap: trap_request=0xffffff45 fr.pc=0x000002a7f2bcd770 relative=0x0000000000000410
Event: 78.223 Thread 0x000002a7cdc8f760 Uncommon trap: reason=unstable_if action=reinterpret pc=0x000002a7f2bcd770 method=org.eclipse.jdt.internal.compiler.parser.Scanner.getNextToken()Lorg/eclipse/jdt/internal/compiler/parser/TerminalToken; @ 92 c2
Event: 78.223 Thread 0x000002a7cdc8f760 DEOPT PACKING pc=0x000002a7f2bcd770 sp=0x000000c09e8fe750
Event: 78.223 Thread 0x000002a7cdc8f760 DEOPT UNPACKING pc=0x000002a7f1e83aa2 sp=0x000000c09e8fe6f0 mode 2
Event: 78.223 Thread 0x000002a7cdc8f760 Uncommon trap: trap_request=0xffffff45 fr.pc=0x000002a7f2b19f24 relative=0x00000000000000e4
Event: 78.223 Thread 0x000002a7cdc8f760 Uncommon trap: reason=unstable_if action=reinterpret pc=0x000002a7f2b19f24 method=org.eclipse.jdt.internal.compiler.parser.Scanner.scanIdentifierOrKeyword()Lorg/eclipse/jdt/internal/compiler/parser/TerminalToken; @ 27 c2
Event: 78.223 Thread 0x000002a7cdc8f760 DEOPT PACKING pc=0x000002a7f2b19f24 sp=0x000000c09e8fe610
Event: 78.223 Thread 0x000002a7cdc8f760 DEOPT UNPACKING pc=0x000002a7f1e83aa2 sp=0x000000c09e8fe598 mode 2
Event: 78.247 Thread 0x000002a7cdc8f760 Uncommon trap: trap_request=0xffffff6e fr.pc=0x000002a7f2b9c91c relative=0x000000000000039c
Event: 78.247 Thread 0x000002a7cdc8f760 Uncommon trap: reason=loop_limit_check action=maybe_recompile pc=0x000002a7f2b9c91c method=org.eclipse.jdt.internal.core.util.HashSetOfArray.hashCode([Ljava/lang/Object;I)I @ 27 c2
Event: 78.247 Thread 0x000002a7cdc8f760 DEOPT PACKING pc=0x000002a7f2b9c91c sp=0x000000c09e8fde10
Event: 78.247 Thread 0x000002a7cdc8f760 DEOPT UNPACKING pc=0x000002a7f1e83aa2 sp=0x000000c09e8fdd98 mode 2
Event: 78.250 Thread 0x000002a7cdc8f760 Uncommon trap: trap_request=0xffffff6e fr.pc=0x000002a7f2b91380 relative=0x0000000000000840
Event: 78.250 Thread 0x000002a7cdc8f760 Uncommon trap: reason=loop_limit_check action=maybe_recompile pc=0x000002a7f2b91380 method=org.eclipse.jdt.internal.core.util.HashtableOfArrayToObject.hashCode([Ljava/lang/Object;I)I @ 27 c2
Event: 78.250 Thread 0x000002a7cdc8f760 DEOPT PACKING pc=0x000002a7f2b91380 sp=0x000000c09e8fdf50
Event: 78.250 Thread 0x000002a7cdc8f760 DEOPT UNPACKING pc=0x000002a7f1e83aa2 sp=0x000000c09e8fde80 mode 2
Event: 78.250 Thread 0x000002a7cdc8f760 Uncommon trap: trap_request=0xffffff6e fr.pc=0x000002a7f2b9bd98 relative=0x0000000000000398
Event: 78.250 Thread 0x000002a7cdc8f760 Uncommon trap: reason=loop_limit_check action=maybe_recompile pc=0x000002a7f2b9bd98 method=org.eclipse.jdt.internal.core.util.HashtableOfArrayToObject.hashCode([Ljava/lang/Object;I)I @ 27 c2
Event: 78.250 Thread 0x000002a7cdc8f760 DEOPT PACKING pc=0x000002a7f2b9bd98 sp=0x000000c09e8fdef0
Event: 78.250 Thread 0x000002a7cdc8f760 DEOPT UNPACKING pc=0x000002a7f1e83aa2 sp=0x000000c09e8fde78 mode 2

Classes loaded (20 events):
Event: 11.786 Loading class com/sun/org/apache/xerces/internal/impl/msg/XMLMessages_es
Event: 11.786 Loading class com/sun/org/apache/xerces/internal/impl/msg/XMLMessages_es done
Event: 11.786 Loading class com/sun/org/apache/xerces/internal/impl/msg/XMLMessages_es
Event: 11.786 Loading class com/sun/org/apache/xerces/internal/impl/msg/XMLMessages_es done
Event: 11.786 Loading class com/sun/org/apache/xerces/internal/impl/msg/XMLMessages_es_CO
Event: 11.786 Loading class com/sun/org/apache/xerces/internal/impl/msg/XMLMessages_es_CO done
Event: 11.786 Loading class com/sun/org/apache/xerces/internal/impl/msg/XMLMessages_es_CO
Event: 11.786 Loading class com/sun/org/apache/xerces/internal/impl/msg/XMLMessages_es_CO done
Event: 12.788 Loading class java/io/BufferedReader$1
Event: 12.788 Loading class java/io/BufferedReader$1 done
Event: 15.824 Loading class jdk/internal/module/IllegalAccessLogger
Event: 15.824 Loading class jdk/internal/module/IllegalAccessLogger done
Event: 16.531 Loading class jdk/internal/module/IllegalAccessLogger
Event: 16.531 Loading class jdk/internal/module/IllegalAccessLogger done
Event: 18.000 Loading class java/util/HashMap$EntrySpliterator
Event: 18.000 Loading class java/util/HashMap$EntrySpliterator done
Event: 18.189 Loading class jdk/internal/module/IllegalAccessLogger
Event: 18.189 Loading class jdk/internal/module/IllegalAccessLogger done
Event: 18.490 Loading class jdk/internal/module/IllegalAccessLogger
Event: 18.490 Loading class jdk/internal/module/IllegalAccessLogger done

Classes unloaded (4 events):
Event: 14.234 Thread 0x000002a7e5cce800 Unloading class 0x000002a7860efc00 'java/lang/invoke/LambdaForm$MH+0x000002a7860efc00'
Event: 14.234 Thread 0x000002a7e5cce800 Unloading class 0x000002a7860ef800 'java/lang/invoke/LambdaForm$MH+0x000002a7860ef800'
Event: 14.234 Thread 0x000002a7e5cce800 Unloading class 0x000002a7860ef400 'java/lang/invoke/LambdaForm$MH+0x000002a7860ef400'
Event: 14.234 Thread 0x000002a7e5cce800 Unloading class 0x000002a7860ef000 'java/lang/invoke/LambdaForm$MH+0x000002a7860ef000'

Classes redefined (0 events):
No events

Internal exceptions (20 events):
Event: 50.960 Thread 0x000002a7cdc8dd20 Exception <a 'sun/nio/fs/WindowsException'{0x00000000d5616ae8}> (0x00000000d5616ae8) 
thrown [s\src\hotspot\share\prims\jni.cpp, line 520]
Event: 50.960 Thread 0x000002a7cdc8dd20 Exception <a 'sun/nio/fs/WindowsException'{0x00000000d561a008}> (0x00000000d561a008) 
thrown [s\src\hotspot\share\prims\jni.cpp, line 520]
Event: 50.961 Thread 0x000002a7cdc8dd20 Exception <a 'sun/nio/fs/WindowsException'{0x00000000d561cf98}> (0x00000000d561cf98) 
thrown [s\src\hotspot\share\prims\jni.cpp, line 520]
Event: 50.961 Thread 0x000002a7cdc8dd20 Exception <a 'sun/nio/fs/WindowsException'{0x00000000d5620108}> (0x00000000d5620108) 
thrown [s\src\hotspot\share\prims\jni.cpp, line 520]
Event: 50.961 Thread 0x000002a7cdc8dd20 Exception <a 'sun/nio/fs/WindowsException'{0x00000000d5623310}> (0x00000000d5623310) 
thrown [s\src\hotspot\share\prims\jni.cpp, line 520]
Event: 50.961 Thread 0x000002a7cdc8dd20 Exception <a 'sun/nio/fs/WindowsException'{0x00000000d56262c8}> (0x00000000d56262c8) 
thrown [s\src\hotspot\share\prims\jni.cpp, line 520]
Event: 50.961 Thread 0x000002a7cdc8dd20 Exception <a 'sun/nio/fs/WindowsException'{0x00000000d56294d0}> (0x00000000d56294d0) 
thrown [s\src\hotspot\share\prims\jni.cpp, line 520]
Event: 50.961 Thread 0x000002a7cdc8dd20 Exception <a 'sun/nio/fs/WindowsException'{0x00000000d562c3a8}> (0x00000000d562c3a8) 
thrown [s\src\hotspot\share\prims\jni.cpp, line 520]
Event: 50.961 Thread 0x000002a7cdc8dd20 Exception <a 'sun/nio/fs/WindowsException'{0x00000000d562f5d8}> (0x00000000d562f5d8) 
thrown [s\src\hotspot\share\prims\jni.cpp, line 520]
Event: 50.961 Thread 0x000002a7cdc8dd20 Exception <a 'sun/nio/fs/WindowsException'{0x00000000d5632450}> (0x00000000d5632450) 
thrown [s\src\hotspot\share\prims\jni.cpp, line 520]
Event: 50.961 Thread 0x000002a7cdc8dd20 Exception <a 'sun/nio/fs/WindowsException'{0x00000000d5635600}> (0x00000000d5635600) 
thrown [s\src\hotspot\share\prims\jni.cpp, line 520]
Event: 50.962 Thread 0x000002a7cdc8dd20 Exception <a 'sun/nio/fs/WindowsException'{0x00000000d56384c8}> (0x00000000d56384c8) 
thrown [s\src\hotspot\share\prims\jni.cpp, line 520]
Event: 50.962 Thread 0x000002a7cdc8dd20 Exception <a 'sun/nio/fs/WindowsException'{0x00000000d563b7b0}> (0x00000000d563b7b0) 
thrown [s\src\hotspot\share\prims\jni.cpp, line 520]
Event: 50.962 Thread 0x000002a7cdc8dd20 Exception <a 'sun/nio/fs/WindowsException'{0x00000000d563e6c8}> (0x00000000d563e6c8) 
thrown [s\src\hotspot\share\prims\jni.cpp, line 520]
Event: 50.962 Thread 0x000002a7cdc8dd20 Exception <a 'sun/nio/fs/WindowsException'{0x00000000d5641808}> (0x00000000d5641808) 
thrown [s\src\hotspot\share\prims\jni.cpp, line 520]
Event: 50.962 Thread 0x000002a7cdc8dd20 Exception <a 'sun/nio/fs/WindowsException'{0x00000000d5644a20}> (0x00000000d5644a20) 
thrown [s\src\hotspot\share\prims\jni.cpp, line 520]
Event: 50.962 Thread 0x000002a7cdc8dd20 Exception <a 'sun/nio/fs/WindowsException'{0x00000000d5647900}> (0x00000000d5647900) 
thrown [s\src\hotspot\share\prims\jni.cpp, line 520]
Event: 50.962 Thread 0x000002a7cdc8dd20 Exception <a 'sun/nio/fs/WindowsException'{0x00000000d564a9e0}> (0x00000000d564a9e0) 
thrown [s\src\hotspot\share\prims\jni.cpp, line 520]
Event: 60.841 Thread 0x000002a7cdc8e3b0 Exception <a 'java/lang/IncompatibleClassChangeError'{0x00000000d5735758}: Found class java.lang.Object, but interface was expected> (0x00000000d5735758) 
thrown [s\src\hotspot\share\interpreter\linkResolver.cpp, line 840]
Event: 78.258 Thread 0x000002a7cdc8f760 Exception <a 'java/lang/IncompatibleClassChangeError'{0x00000000d5aba2d8}: Found class java.lang.Object, but interface was expected> (0x00000000d5aba2d8) 
thrown [s\src\hotspot\share\interpreter\linkResolver.cpp, line 840]

ZGC Phase Switch (0 events):
No events

VM Operations (20 events):
Event: 50.615 Executing non-safepoint VM operation: HandshakeAllThreads (Deoptimize)
Event: 50.615 Executing non-safepoint VM operation: HandshakeAllThreads (Deoptimize) done
Event: 50.766 Executing safepoint VM operation: ParallelGCFailedAllocation (Allocation Failure)
Event: 50.768 Executing safepoint VM operation: ParallelGCFailedAllocation (Allocation Failure) done
Event: 50.856 Executing safepoint VM operation: ParallelGCFailedAllocation (Allocation Failure)
Event: 50.858 Executing safepoint VM operation: ParallelGCFailedAllocation (Allocation Failure) done
Event: 50.950 Executing safepoint VM operation: ParallelGCFailedAllocation (Allocation Failure)
Event: 50.951 Executing safepoint VM operation: ParallelGCFailedAllocation (Allocation Failure) done
Event: 51.952 Executing safepoint VM operation: Cleanup
Event: 51.952 Executing safepoint VM operation: Cleanup done
Event: 60.273 Executing non-safepoint VM operation: HandshakeAllThreads (HandshakeForDeflation)
Event: 60.273 Executing non-safepoint VM operation: HandshakeAllThreads (HandshakeForDeflation) done
Event: 60.273 Executing non-safepoint VM operation: RendezvousGCThreads
Event: 60.273 Executing non-safepoint VM operation: RendezvousGCThreads done
Event: 78.269 Executing safepoint VM operation: ParallelGCFailedAllocation (Allocation Failure)
Event: 78.271 Executing safepoint VM operation: ParallelGCFailedAllocation (Allocation Failure) done
Event: 78.322 Executing safepoint VM operation: ParallelGCFailedAllocation (Allocation Failure)
Event: 78.325 Executing safepoint VM operation: ParallelGCFailedAllocation (Allocation Failure) done
Event: 78.332 Executing non-safepoint VM operation: HandshakeAllThreads (Deoptimize)
Event: 78.332 Executing non-safepoint VM operation: HandshakeAllThreads (Deoptimize) done

Memory protections (0 events):
No events

Nmethod flushes (0 events):
No events

Events (20 events):
Event: 16.737 Thread 0x000002a7cbcc9b50 Thread exited: 0x000002a7cbcc9b50
Event: 16.793 Thread 0x000002a7cb4e9cf0 Thread added: 0x000002a7cbcca870
Event: 16.794 Thread 0x000002a7cbcc8e30 Thread added: 0x000002a7cbcc94c0
Event: 16.805 Thread 0x000002a7cbcca870 Thread added: 0x000002a7cbccb590
Event: 16.810 Thread 0x000002a7cbcc94c0 Thread added: 0x000002a7cbccbc20
Event: 16.814 Thread 0x000002a7cbcca870 Thread added: 0x000002a7cbcc87a0
Event: 16.816 Thread 0x000002a7cbccb590 Thread added: 0x000002a7cbccc2b0
Event: 17.163 Thread 0x000002a7cdb94f20 Thread exited: 0x000002a7cdb94f20
Event: 17.383 Thread 0x000002a7cb9260d0 Thread exited: 0x000002a7cb9260d0
Event: 17.532 Thread 0x000002a7cdc8af30 Thread exited: 0x000002a7cdc8af30
Event: 17.861 Thread 0x000002a7fe7c77b0 Thread added: 0x000002a7cdb94f20
Event: 24.306 Thread 0x000002a7cdb94f20 Thread exited: 0x000002a7cdb94f20
Event: 31.684 Thread 0x000002a7fe7c77b0 Thread added: 0x000002a7cdb93ab0
Event: 31.714 Thread 0x000002a7fe7c77b0 Thread added: 0x000002a7cdb933e0
Event: 36.759 Thread 0x000002a7cdb933e0 Thread exited: 0x000002a7cdb933e0
Event: 36.759 Thread 0x000002a7cdb93ab0 Thread exited: 0x000002a7cdb93ab0
Event: 50.756 Thread 0x000002a7fe7c77b0 Thread added: 0x000002a7cdb933e0
Event: 50.952 Thread 0x000002a7cdb933e0 Thread exited: 0x000002a7cdb933e0
Event: 77.739 Thread 0x000002a7cdc90b10 Thread exited: 0x000002a7cdc90b10
Event: 78.251 Thread 0x000002a7fe7c77b0 Thread added: 0x000002a7cdb92640


Dynamic libraries:
0x00007ff7ce200000 - 0x00007ff7ce20e000 	c:\Users\enriq\.vscode-insiders\extensions\redhat.java-1.55.0-win32-x64\jre\21.0.11-win32-x86_64\bin\java.exe
0x00007ffdd9180000 - 0x00007ffdd93e6000 	C:\WINDOWS\SYSTEM32\ntdll.dll
0x00007ffdd7920000 - 0x00007ffdd79e9000 	C:\WINDOWS\System32\KERNEL32.DLL
0x00007ffdd64d0000 - 0x00007ffdd68ce000 	C:\WINDOWS\System32\KERNELBASE.dll
0x00007ffdd6d50000 - 0x00007ffdd6e9c000 	C:\WINDOWS\System32\ucrtbase.dll
0x00007ffdc3950000 - 0x00007ffdc396e000 	c:\Users\enriq\.vscode-insiders\extensions\redhat.java-1.55.0-win32-x64\jre\21.0.11-win32-x86_64\bin\VCRUNTIME140.dll
0x00007ffdc7980000 - 0x00007ffdc7998000 	c:\Users\enriq\.vscode-insiders\extensions\redhat.java-1.55.0-win32-x64\jre\21.0.11-win32-x86_64\bin\jli.dll
0x00007ffdd71b0000 - 0x00007ffdd7377000 	C:\WINDOWS\System32\USER32.dll
0x00007ffdd6b10000 - 0x00007ffdd6b37000 	C:\WINDOWS\System32\win32u.dll
0x00007ffdbf270000 - 0x00007ffdbf502000 	C:\WINDOWS\WinSxS\amd64_microsoft.windows.common-controls_6595b64144ccf1df_6.0.26100.8875_none_3e0d5d42e32fe9dd\COMCTL32.dll
0x00007ffdd7e80000 - 0x00007ffdd7eab000 	C:\WINDOWS\System32\GDI32.dll
0x00007ffdd7dd0000 - 0x00007ffdd7e79000 	C:\WINDOWS\System32\msvcrt.dll
0x00007ffdd63a0000 - 0x00007ffdd64ca000 	C:\WINDOWS\System32\gdi32full.dll
0x00007ffdd69a0000 - 0x00007ffdd6a43000 	C:\WINDOWS\System32\msvcp_win.dll
0x00007ffdd7c40000 - 0x00007ffdd7c72000 	C:\WINDOWS\System32\IMM32.DLL
0x0000000074a00000 - 0x0000000074a0d000 	C:\Program Files (x86)\360\Total Security\safemon\SafeWrapper.dll
0x00007ffdd7d10000 - 0x00007ffdd7dc7000 	C:\WINDOWS\System32\ADVAPI32.dll
0x00007ffdd79f0000 - 0x00007ffdd7a9a000 	C:\WINDOWS\System32\sechost.dll
0x00007ffdd7690000 - 0x00007ffdd77a8000 	C:\WINDOWS\System32\RPCRT4.dll
0x00007ffdd3c60000 - 0x00007ffdd3d65000 	C:\Program Files (x86)\360\Total Security\safemon\libzdtp64.dll
0x00007ffdd8340000 - 0x00007ffdd8ad2000 	C:\WINDOWS\System32\SHELL32.dll
0x00007ffdd7c80000 - 0x00007ffdd7ce7000 	C:\WINDOWS\System32\SHLWAPI.dll
0x00007ffdd5e60000 - 0x00007ffdd5e6b000 	C:\WINDOWS\SYSTEM32\VERSION.dll
0x00007ffdd0cd0000 - 0x00007ffdd0cdc000 	c:\Users\enriq\.vscode-insiders\extensions\redhat.java-1.55.0-win32-x64\jre\21.0.11-win32-x86_64\bin\vcruntime140_1.dll
0x00007ffdbbe30000 - 0x00007ffdbbebd000 	c:\Users\enriq\.vscode-insiders\extensions\redhat.java-1.55.0-win32-x64\jre\21.0.11-win32-x86_64\bin\msvcp140.dll
0x00007ffd51c40000 - 0x00007ffd529e2000 	c:\Users\enriq\.vscode-insiders\extensions\redhat.java-1.55.0-win32-x64\jre\21.0.11-win32-x86_64\bin\server\jvm.dll
0x00007ffdd7380000 - 0x00007ffdd7400000 	C:\WINDOWS\System32\WS2_32.dll
0x00007ffdd6200000 - 0x00007ffdd625e000 	C:\WINDOWS\SYSTEM32\POWRPROF.dll
0x00007ffdcc950000 - 0x00007ffdcc986000 	C:\WINDOWS\SYSTEM32\WINMM.dll
0x00007ffdd61d0000 - 0x00007ffdd61e4000 	C:\WINDOWS\SYSTEM32\UMPDC.dll
0x00007ffdd5000000 - 0x00007ffdd501b000 	C:\WINDOWS\SYSTEM32\kernel.appcore.dll
0x00007ffdd09e0000 - 0x00007ffdd09ea000 	c:\Users\enriq\.vscode-insiders\extensions\redhat.java-1.55.0-win32-x64\jre\21.0.11-win32-x86_64\bin\jimage.dll
0x00007ffdd31e0000 - 0x00007ffdd3422000 	C:\WINDOWS\SYSTEM32\DBGHELP.DLL
0x00007ffdd8be0000 - 0x00007ffdd8f63000 	C:\WINDOWS\System32\combase.dll
0x00007ffdd7410000 - 0x00007ffdd74e9000 	C:\WINDOWS\System32\OLEAUT32.dll
0x00007ffdbb2b0000 - 0x00007ffdbb2eb000 	C:\WINDOWS\SYSTEM32\dbgcore.DLL
0x00007ffdd68e0000 - 0x00007ffdd698c000 	C:\WINDOWS\System32\bcryptPrimitives.dll
0x00007ffdc6a90000 - 0x00007ffdc6a9f000 	c:\Users\enriq\.vscode-insiders\extensions\redhat.java-1.55.0-win32-x64\jre\21.0.11-win32-x86_64\bin\instrument.dll
0x00007ffdc38e0000 - 0x00007ffdc3900000 	c:\Users\enriq\.vscode-insiders\extensions\redhat.java-1.55.0-win32-x64\jre\21.0.11-win32-x86_64\bin\java.dll
0x00007ffdd3d70000 - 0x00007ffdd4602000 	C:\WINDOWS\SYSTEM32\windows.storage.dll
0x00007ffdd8ae0000 - 0x00007ffdd8bd7000 	C:\WINDOWS\System32\SHCORE.dll
0x00007ffdd62c0000 - 0x00007ffdd62e9000 	C:\WINDOWS\SYSTEM32\profapi.dll
0x00007ffdc2570000 - 0x00007ffdc2588000 	c:\Users\enriq\.vscode-insiders\extensions\redhat.java-1.55.0-win32-x64\jre\21.0.11-win32-x86_64\bin\zip.dll
0x00007ffdc3020000 - 0x00007ffdc3030000 	C:\Users\enriq\.vscode-insiders\extensions\redhat.java-1.55.0-win32-x64\jre\21.0.11-win32-x86_64\bin\net.dll
0x00007ffdc7810000 - 0x00007ffdc7937000 	C:\WINDOWS\SYSTEM32\WINHTTP.dll
0x00007ffdd55b0000 - 0x00007ffdd561c000 	C:\WINDOWS\system32\mswsock.dll
0x00007ffdc20d0000 - 0x00007ffdc20e6000 	C:\Users\enriq\.vscode-insiders\extensions\redhat.java-1.55.0-win32-x64\jre\21.0.11-win32-x86_64\bin\nio.dll
0x00007ffdc25b0000 - 0x00007ffdc25c0000 	c:\Users\enriq\.vscode-insiders\extensions\redhat.java-1.55.0-win32-x64\jre\21.0.11-win32-x86_64\bin\verify.dll
0x00007ffdaf220000 - 0x00007ffdaf265000 	C:\Users\enriq\AppData\Roaming\Code - Insiders\User\globalStorage\redhat.java\1.55.0\config_win\org.eclipse.equinox.launcher\org.eclipse.equinox.launcher.win32.win32.x86_64_1.3.100.v20260613-0559\eclipse_11924.dll
0x00007ffdd7aa0000 - 0x00007ffdd7c39000 	C:\WINDOWS\System32\ole32.dll
0x00007ffdc2010000 - 0x00007ffdc201a000 	C:\Users\enriq\.vscode-insiders\extensions\redhat.java-1.55.0-win32-x64\jre\21.0.11-win32-x86_64\bin\management.dll
0x00007ffdc0080000 - 0x00007ffdc008c000 	C:\Users\enriq\.vscode-insiders\extensions\redhat.java-1.55.0-win32-x64\jre\21.0.11-win32-x86_64\bin\management_ext.dll
0x00007ffdd8f70000 - 0x00007ffdd8f78000 	C:\WINDOWS\System32\PSAPI.DLL
0x00007ffdd58d0000 - 0x00007ffdd58eb000 	C:\WINDOWS\SYSTEM32\CRYPTSP.dll
0x00007ffdd4f60000 - 0x00007ffdd4f99000 	C:\WINDOWS\system32\rsaenh.dll
0x00007ffdd5670000 - 0x00007ffdd56a2000 	C:\WINDOWS\SYSTEM32\USERENV.dll
0x00007ffdd6290000 - 0x00007ffdd62ba000 	C:\WINDOWS\SYSTEM32\bcrypt.dll
0x00007ffdd58b0000 - 0x00007ffdd58bc000 	C:\WINDOWS\SYSTEM32\CRYPTBASE.dll
0x00007ffdd4980000 - 0x00007ffdd49b3000 	C:\WINDOWS\SYSTEM32\IPHLPAPI.DLL
0x00007ffdd6f00000 - 0x00007ffdd6f0a000 	C:\WINDOWS\System32\NSI.dll
0x00007ffdb8630000 - 0x00007ffdb8679000 	C:\Users\enriq\AppData\Local\Temp\jna-96665553\jna3580089832500609726.dll
0x00007ffdcc7f0000 - 0x00007ffdcc80d000 	C:\WINDOWS\SYSTEM32\dhcpcsvc6.DLL
0x00007ffdcc7c0000 - 0x00007ffdcc7e5000 	C:\WINDOWS\SYSTEM32\dhcpcsvc.DLL
0x00007ffdbbe20000 - 0x00007ffdbbe2e000 	C:\Users\enriq\.vscode-insiders\extensions\redhat.java-1.55.0-win32-x64\jre\21.0.11-win32-x86_64\bin\sunmscapi.dll
0x00007ffdd6b40000 - 0x00007ffdd6cb8000 	C:\WINDOWS\System32\CRYPT32.dll
0x00007ffdd5af0000 - 0x00007ffdd5b20000 	C:\WINDOWS\SYSTEM32\ncrypt.dll
0x00007ffdd5aa0000 - 0x00007ffdd5adf000 	C:\WINDOWS\SYSTEM32\NTASN1.dll
0x00007ffdd4a10000 - 0x00007ffdd4b66000 	C:\WINDOWS\SYSTEM32\DNSAPI.dll
0x00007ffdd5390000 - 0x00007ffdd539d000 	C:\WINDOWS\SYSTEM32\DSPARSE.dll
0x00000000749f0000 - 0x00000000749fa000 	C:\Program Files\National Instruments\Shared\mDNS Responder\nimdnsNSP.dll
0x00000000749e0000 - 0x00000000749f0000 	C:\WINDOWS\SYSTEM32\nimdnsResponder.dll
0x00007ffdd0b80000 - 0x00007ffdd0b8b000 	C:\Windows\System32\rasadhlp.dll
0x00007ffdce730000 - 0x00007ffdce7b6000 	C:\WINDOWS\System32\fwpuclnt.dll
0x00007ffdbb970000 - 0x00007ffdbb979000 	C:\Users\enriq\.vscode-insiders\extensions\redhat.java-1.55.0-win32-x64\jre\21.0.11-win32-x86_64\bin\extnet.dll

JVMTI agents:
c:\Users\enriq\.vscode-insiders\extensions\redhat.java-1.55.0-win32-x64\lombok\lombok-1.18.39-4050.jar path:c:\Users\enriq\.vscode-insiders\extensions\redhat.java-1.55.0-win32-x64\jre\21.0.11-win32-x86_64\bin\instrument.dll, loaded, initialized, instrumentlib options:none

dbghelp: loaded successfully - version: 4.0.5 - missing functions: none
symbol engine: initialized successfully - sym options: 0x614 - pdb path: .;c:\Users\enriq\.vscode-insiders\extensions\redhat.java-1.55.0-win32-x64\jre\21.0.11-win32-x86_64\bin;C:\WINDOWS\SYSTEM32;C:\WINDOWS\WinSxS\amd64_microsoft.windows.common-controls_6595b64144ccf1df_6.0.26100.8875_none_3e0d5d42e32fe9dd;C:\Program Files (x86)\360\Total Security\safemon;c:\Users\enriq\.vscode-insiders\extensions\redhat.java-1.55.0-win32-x64\jre\21.0.11-win32-x86_64\bin\server;C:\Users\enriq\AppData\Roaming\Code - Insiders\User\globalStorage\redhat.java\1.55.0\config_win\org.eclipse.equinox.launcher\org.eclipse.equinox.launcher.win32.win32.x86_64_1.3.100.v20260613-0559;C:\Users\enriq\AppData\Local\Temp\jna-96665553;C:\Program Files\National Instruments\Shared\mDNS Responder

VM Arguments:
jvm_args: --add-modules=ALL-SYSTEM --add-opens=java.base/java.util=ALL-UNNAMED --add-opens=java.base/java.lang=ALL-UNNAMED --add-opens=java.base/sun.nio.fs=ALL-UNNAMED -Declipse.application=org.eclipse.jdt.ls.core.id1 -Dosgi.bundles.defaultStartLevel=4 -Declipse.product=org.eclipse.jdt.ls.core.product -Djava.import.generatesMetadataFilesAtProjectRoot=false -DDetectVMInstallationsJob.disabled=true -Dfile.encoding=utf8 -XX:+UseParallelGC -XX:GCTimeRatio=4 -XX:AdaptiveSizePolicyWeight=90 -Dsun.zip.disableMemoryMapping=true -Xmx2G -Xms100m -Xlog:disable -javaagent:c:\Users\enriq\.vscode-insiders\extensions\redhat.java-1.55.0-win32-x64\lombok\lombok-1.18.39-4050.jar -XX:+HeapDumpOnOutOfMemoryError -XX:HeapDumpPath=c:\Users\enriq\AppData\Roaming\Code - Insiders\User\workspaceStorage\f8b6e8e432969b00c34a4d2a739117ff\redhat.java -Daether.dependencyCollector.impl=bf -Djdt.core.sharedIndexLocation=C:\Users\enriq\AppData\Roaming\.jdt\index -XX:+UnlockDiagnosticVMOptions -XX:+AllowArchivingWithJavaAgent -XX:+AutoCreateSharedArchive -XX:SharedArchiveFile=c:\Users\enriq\AppData\Roaming\Code - Insiders\User\globalStorage\redhat.java\1.55.0\jdtls.jsa 
java_command: c:\Users\enriq\.vscode-insiders\extensions\redhat.java-1.55.0-win32-x64\server\plugins\org.eclipse.equinox.launcher_1.7.200.v20260619-2039.jar -configuration c:\Users\enriq\AppData\Roaming\Code - Insiders\User\globalStorage\redhat.java\1.55.0\config_win -data c:\Users\enriq\AppData\Roaming\Code - Insiders\User\workspaceStorage\f8b6e8e432969b00c34a4d2a739117ff\redhat.java\jdt_ws --pipe=\\.\pipe\lsp-2667b0b187b87faf540de98204dfdfe4-sock
java_class_path (initial): c:\Users\enriq\.vscode-insiders\extensions\redhat.java-1.55.0-win32-x64\server\plugins\org.eclipse.equinox.launcher_1.7.200.v20260619-2039.jar
Launcher Type: SUN_STANDARD

[Global flags]
    uintx AdaptiveSizePolicyWeight                 = 90                                        {product} {command line}
     bool AllowArchivingWithJavaAgent              = true                             {JVMCI diagnostic} {command line}
     bool AutoCreateSharedArchive                  = false                               {JVMCI product} {command line}
     intx CICompilerCount                          = 4                                         {product} {ergonomic}
    uintx GCTimeRatio                              = 4                                         {product} {command line}
     bool HeapDumpOnOutOfMemoryError               = true                                   {manageable} {command line}
    ccstr HeapDumpPath                             = c:\Users\enriq\AppData\Roaming\Code - Insiders\User\workspaceStorage\f8b6e8e432969b00c34a4d2a739117ff\redhat.java         {manageable} {command line}
   size_t InitialHeapSize                          = 104857600                                 {product} {command line}
   size_t MaxHeapSize                              = 2147483648                                {product} {command line}
   size_t MaxNewSize                               = 715653120                                 {product} {ergonomic}
   size_t MinHeapDeltaBytes                        = 524288                                    {product} {ergonomic}
   size_t MinHeapSize                              = 104857600                                 {product} {command line}
   size_t NewSize                                  = 34603008                                  {product} {ergonomic}
    uintx NonNMethodCodeHeapSize                   = 5839372                                {pd product} {ergonomic}
    uintx NonProfiledCodeHeapSize                  = 122909434                              {pd product} {ergonomic}
   size_t OldSize                                  = 70254592                                  {product} {ergonomic}
    uintx ProfiledCodeHeapSize                     = 122909434                              {pd product} {ergonomic}
    uintx ReservedCodeCacheSize                    = 251658240                              {pd product} {ergonomic}
     bool SegmentedCodeCache                       = true                                      {product} {ergonomic}
    ccstr SharedArchiveFile                        = c:\Users\enriq\AppData\Roaming\Code - Insiders\User\globalStorage\redhat.java\1.55.0\jdtls.jsa      {JVMCI product} {command line}
   size_t SoftMaxHeapSize                          = 2147483648                             {manageable} {ergonomic}
     bool UnlockDiagnosticVMOptions                = true                                   {diagnostic} {command line}
     bool UseCompressedOops                        = true                           {product lp64_product} {ergonomic}
     bool UseLargePagesIndividualAllocation        = false                                  {pd product} {ergonomic}
     bool UseParallelGC                            = true                                      {product} {command line}

Logging:
Log output configuration:
 #0: stdout all=off uptime,level,tags foldmultilines=false
 #1: stderr all=off uptime,level,tags foldmultilines=false

Release file:
JAVA_VERSION="21.0.11" 
MODULES="java.base java.compiler java.datatransfer java.xml java.prefs java.desktop java.instrument java.logging java.management java.security.sasl java.naming java.rmi java.management.rmi java.net.http java.scripting java.security.jgss java.transaction.xa java.sql java.sql.rowset java.xml.crypto java.se java.smartcardio jdk.accessibility jdk.internal.jvmstat jdk.attach jdk.charsets jdk.internal.opt jdk.zipfs jdk.compiler jdk.crypto.ec jdk.crypto.cryptoki jdk.crypto.mscapi jdk.dynalink jdk.internal.ed jdk.editpad jdk.hotspot.agent jdk.httpserver jdk.internal.le jdk.internal.vm.ci jdk.internal.vm.compiler jdk.internal.vm.compiler.management jdk.jartool jdk.javadoc jdk.jcmd jdk.management jdk.management.agent jdk.jconsole jdk.jdeps jdk.jdwp.agent jdk.jdi jdk.jfr jdk.jshell jdk.jsobject jdk.jstatd jdk.localedata jdk.management.jfr jdk.naming.dns jdk.naming.rmi jdk.net jdk.nio.mapmode jdk.random jdk.sctp jdk.security.auth jdk.security.jgss jdk.unsupported jdk.unsupported.desktop jdk.xml.dom" 

Environment Variables:
PATH=C:\Program Files\Common Files\Oracle\Java\javapath;C:\WINDOWS\system32;C:\WINDOWS;C:\WINDOWS\System32\Wbem;C:\WINDOWS\System32\WindowsPowerShell\v1.0\;C:\WINDOWS\System32\OpenSSH\;C:\Program Files\dotnet\;C:\Program Files (x86)\IVI Foundation\VISA\WinNT\Bin\;C:\Program Files\IVI Foundation\VISA\Win64\Bin\;C:\Program Files (x86)\IVI Foundation\VISA\WinNT\Bin;C:\Program Files\Git\cmd;C:\Users\enriq\AppData\Local\Programs\Python\Python312\Scripts\;C:\Users\enriq\AppData\Local\Programs\Python\Python312\;C:\Users\enriq\AppData\Local\Programs\Python\Launcher\;C:\Users\enriq\AppData\Local\Microsoft\WindowsApps;C:\Users\enriq\AppData\Local\Programs\Microsoft VS Code\bin;C:\Users\enriq\AppData\Local\Programs\Microsoft VS Code Insiders\bin
USERNAME=enriq
OS=Windows_NT
PROCESSOR_IDENTIFIER=Intel64 Family 6 Model 154 Stepping 4, GenuineIntel
TMP=C:\Users\enriq\AppData\Local\Temp
TEMP=C:\Users\enriq\AppData\Local\Temp




Periodic native trim disabled

---------------  S Y S T E M  ---------------

OS:
 Windows 11 , 64 bit Build 26100 (10.0.26100.8875)
OS uptime: 0 days 0:35 hours
Hyper-V role detected

CPU: total 8 (initial active 8) (4 cores per cpu, 2 threads per core) family 6 model 154 stepping 4 microcode 0x434, cx8, cmov, fxsr, ht, mmx, 3dnowpref, sse, sse2, sse3, ssse3, sse4.1, sse4.2, popcnt, lzcnt, tsc, tscinvbit, avx, avx2, aes, erms, clmul, bmi1, bmi2, adx, sha, fma, vzeroupper, clflush, clflushopt, clwb, hv, serialize, rdtscp, rdpid, fsrm, f16c, cet_ibt, cet_ss
Processor Information for processor 0
  Max Mhz: 1200, Current Mhz: 1200, Mhz Limit: 1200
Processor Information for processor 1
  Max Mhz: 1200, Current Mhz: 1200, Mhz Limit: 1200
Processor Information for processor 2
  Max Mhz: 1200, Current Mhz: 1200, Mhz Limit: 1200
Processor Information for processor 3
  Max Mhz: 1200, Current Mhz: 1200, Mhz Limit: 1200
Processor Information for processor 4
  Max Mhz: 1200, Current Mhz: 900, Mhz Limit: 900
Processor Information for processor 5
  Max Mhz: 1200, Current Mhz: 900, Mhz Limit: 900
Processor Information for processor 6
  Max Mhz: 1200, Current Mhz: 900, Mhz Limit: 900
Processor Information for processor 7
  Max Mhz: 1200, Current Mhz: 900, Mhz Limit: 900

Memory: 4k page, system-wide physical 7885M (493M free)
TotalPageFile size 9669M (AvailPageFile size 2M)
current process WorkingSet (physical memory assigned to process): 342M, peak: 383M
current process commit charge ("private bytes"): 407M, peak: 460M

vm_info: OpenJDK 64-Bit Server VM (21.0.11+10-LTS) for windows-amd64 JRE (21.0.11+10-LTS), built on 2026-04-21T00:00:00Z by "admin" with MS VC++ 17.12 (VS2022)

END.
