#
# There is insufficient memory for the Java Runtime Environment to continue.
# Native memory allocation (malloc) failed to allocate 1630736 bytes. Error detail: Chunk::new
# Possible reasons:
#   The system is out of physical RAM or swap space
#   This process is running with CompressedOops enabled, and the Java Heap may be blocking the growth of the native heap
# Possible solutions:
#   Reduce memory load on the system
#   Increase physical memory or swap space
#   Check if swap backing store is full
#   Decrease Java heap size (-Xmx/-Xms)
#   Decrease number of Java threads
#   Decrease Java thread stack sizes (-Xss)
#   Set larger code cache with -XX:ReservedCodeCacheSize=
#   JVM is running with Unscaled Compressed Oops mode in which the Java heap is
#     placed in the first 4GB address space. The Java Heap base address is the
#     maximum limit for the native heap growth. Please use -XX:HeapBaseMinAddress
#     to set the Java Heap base and to place the Java Heap above 4GB virtual address.
# This output file may be truncated or incomplete.
#
#  Out of Memory Error (arena.cpp:168), pid=13716, tid=9964
#
# JRE version: OpenJDK Runtime Environment Temurin-21.0.11+10 (21.0.11+10) (build 21.0.11+10-LTS)
# Java VM: OpenJDK 64-Bit Server VM Temurin-21.0.11+10 (21.0.11+10-LTS, mixed mode, sharing, tiered, compressed oops, compressed class ptrs, parallel gc, windows-amd64)
# No core dump will be written. Minidumps are not enabled by default on client versions of Windows
#

---------------  S U M M A R Y ------------

Command Line: --add-modules=ALL-SYSTEM --add-opens=java.base/java.util=ALL-UNNAMED --add-opens=java.base/java.lang=ALL-UNNAMED --add-opens=java.base/sun.nio.fs=ALL-UNNAMED -Declipse.application=org.eclipse.jdt.ls.core.id1 -Dosgi.bundles.defaultStartLevel=4 -Declipse.product=org.eclipse.jdt.ls.core.product -Djava.import.generatesMetadataFilesAtProjectRoot=false -DDetectVMInstallationsJob.disabled=true -Dfile.encoding=utf8 -XX:+UseParallelGC -XX:GCTimeRatio=4 -XX:AdaptiveSizePolicyWeight=90 -Dsun.zip.disableMemoryMapping=true -Xmx2G -Xms100m -Xlog:disable -javaagent:c:\Users\enriq\.vscode-insiders\extensions\redhat.java-1.55.0-win32-x64\lombok\lombok-1.18.39-4050.jar -XX:+HeapDumpOnOutOfMemoryError -XX:HeapDumpPath=c:\Users\enriq\AppData\Roaming\Code - Insiders\User\workspaceStorage\f8b6e8e432969b00c34a4d2a739117ff\redhat.java -Daether.dependencyCollector.impl=bf -Djdt.core.sharedIndexLocation=C:\Users\enriq\AppData\Roaming\.jdt\index -XX:+UnlockDiagnosticVMOptions -XX:+AllowArchivingWithJavaAgent -XX:+AutoCreateSharedArchive -XX:SharedArchiveFile=c:\Users\enriq\AppData\Roaming\Code - Insiders\User\globalStorage\redhat.java\1.55.0\jdtls.jsa c:\Users\enriq\.vscode-insiders\extensions\redhat.java-1.55.0-win32-x64\server\plugins\org.eclipse.equinox.launcher_1.7.200.v20260619-2039.jar -configuration c:\Users\enriq\AppData\Roaming\Code - Insiders\User\globalStorage\redhat.java\1.55.0\config_win -data c:\Users\enriq\AppData\Roaming\Code - Insiders\User\workspaceStorage\f8b6e8e432969b00c34a4d2a739117ff\redhat.java\jdt_ws --pipe=\\.\pipe\lsp-55b4ce4d1d93c5a41c242de8979f2ad8-sock

Host: 12th Gen Intel(R) Core(TM) i3-1215U, 8 cores, 7G,  Windows 11 , 64 bit Build 26100 (10.0.26100.8875)
Time: Wed Aug 19 12:25:46 2026 Hora est. Pacífico, Sudamérica elapsed time: 6.528824 seconds (0d 0h 0m 6s)

---------------  T H R E A D  ---------------

Current thread (0x0000016973ce2940):  JavaThread "C2 CompilerThread2" daemon [_thread_in_native, id=9964, stack(0x00000013fc400000,0x00000013fc500000) (1024K)]


Current CompileTask:
C2:6529 4219   !   4       org.eclipse.osgi.internal.loader.classpath.ClasspathManager::findClassImpl (328 bytes)

Stack: [0x00000013fc400000,0x00000013fc500000]
Native frames: (J=compiled Java code, j=interpreted, Vv=VM code, C=native code)
V  [jvm.dll+0x6d7e19]
V  [jvm.dll+0x8b5096]
V  [jvm.dll+0x8b764e]
V  [jvm.dll+0x8b7d33]
V  [jvm.dll+0x284596]
V  [jvm.dll+0xc685d]
V  [jvm.dll+0xc6da1]
V  [jvm.dll+0x3bed31]
V  [jvm.dll+0x38b2b2]
V  [jvm.dll+0x38a6fa]
V  [jvm.dll+0x24c700]
V  [jvm.dll+0x24bce0]
V  [jvm.dll+0x1cb4ae]
V  [jvm.dll+0x25baad]
V  [jvm.dll+0x25a03a]
V  [jvm.dll+0x3f868e]
V  [jvm.dll+0x85fb0d]
V  [jvm.dll+0x6d664d]
C  [ucrtbase.dll+0x2cd30]
C  [KERNEL32.DLL+0x2e957]
C  [ntdll.dll+0xaad6c]


---------------  P R O C E S S  ---------------

Threads class SMR info:
_java_thread_list=0x0000016973b93e90, length=26, elements={
0x0000016955645000, 0x000001696c0aeb80, 0x000001696c0af8a0, 0x000001696c0b5330,
0x000001696c0b8040, 0x000001696c0b6a30, 0x000001696c0bcbc0, 0x000001696d96a3e0,
0x000001696c0cd3d0, 0x000001696c0baaf0, 0x000001696c0bd250, 0x000001696c0ba460,
0x000001696c0bb180, 0x000001696c0bbea0, 0x000001696c0bc530, 0x000001696c0b9dd0,
0x000001696c0bb810, 0x00000169729213c0, 0x0000016972921a50, 0x0000016972920010,
0x00000169729220e0, 0x000001697291f980, 0x0000016972b48160, 0x0000016973ce2940,
0x0000016972922770, 0x000001697291f2f0
}

Java Threads: ( => current thread )
  0x0000016955645000 JavaThread "main"                              [_thread_blocked, id=3448, stack(0x00000013fa300000,0x00000013fa400000) (1024K)]
  0x000001696c0aeb80 JavaThread "Reference Handler"          daemon [_thread_blocked, id=18244, stack(0x00000013fa700000,0x00000013fa800000) (1024K)]
  0x000001696c0af8a0 JavaThread "Finalizer"                  daemon [_thread_blocked, id=8956, stack(0x00000013fa800000,0x00000013fa900000) (1024K)]
  0x000001696c0b5330 JavaThread "Signal Dispatcher"          daemon [_thread_blocked, id=10460, stack(0x00000013fa900000,0x00000013faa00000) (1024K)]
  0x000001696c0b8040 JavaThread "Attach Listener"            daemon [_thread_blocked, id=15372, stack(0x00000013faa00000,0x00000013fab00000) (1024K)]
  0x000001696c0b6a30 JavaThread "Service Thread"             daemon [_thread_blocked, id=6976, stack(0x00000013fab00000,0x00000013fac00000) (1024K)]
  0x000001696c0bcbc0 JavaThread "Monitor Deflation Thread"   daemon [_thread_blocked, id=15436, stack(0x00000013fac00000,0x00000013fad00000) (1024K)]
  0x000001696d96a3e0 JavaThread "C2 CompilerThread0"         daemon [_thread_in_native, id=17500, stack(0x00000013fad00000,0x00000013fae00000) (1024K)]
  0x000001696c0cd3d0 JavaThread "C1 CompilerThread0"         daemon [_thread_blocked, id=9132, stack(0x00000013fae00000,0x00000013faf00000) (1024K)]
  0x000001696c0baaf0 JavaThread "Common-Cleaner"             daemon [_thread_blocked, id=7456, stack(0x00000013fb000000,0x00000013fb100000) (1024K)]
  0x000001696c0bd250 JavaThread "Notification Thread"        daemon [_thread_blocked, id=8708, stack(0x00000013fb100000,0x00000013fb200000) (1024K)]
  0x000001696c0ba460 JavaThread "Active Thread: Equinox Container: 82dc7e47-bae5-4b77-9a4d-a058127bdca6"        [_thread_blocked, id=1980, stack(0x00000013fb900000,0x00000013fba00000) (1024K)]
  0x000001696c0bb180 JavaThread "Refresh Thread: Equinox Container: 82dc7e47-bae5-4b77-9a4d-a058127bdca6" daemon [_thread_blocked, id=14876, stack(0x00000013fba00000,0x00000013fbb00000) (1024K)]
  0x000001696c0bbea0 JavaThread "Framework Event Dispatcher: Equinox Container: 82dc7e47-bae5-4b77-9a4d-a058127bdca6" daemon [_thread_blocked, id=12588, stack(0x00000013fbc00000,0x00000013fbd00000) (1024K)]
  0x000001696c0bc530 JavaThread "Start Level: Equinox Container: 82dc7e47-bae5-4b77-9a4d-a058127bdca6" daemon [_thread_in_vm, id=9388, stack(0x00000013fbd00000,0x00000013fbe00000) (1024K)]
  0x000001696c0b9dd0 JavaThread "Bundle File Closer"         daemon [_thread_blocked, id=16960, stack(0x00000013fbe00000,0x00000013fbf00000) (1024K)]
  0x000001696c0bb810 JavaThread "SCR Component Actor"        daemon [_thread_blocked, id=18180, stack(0x00000013faf00000,0x00000013fb000000) (1024K)]
  0x00000169729213c0 JavaThread "Worker-JM"                         [_thread_blocked, id=18984, stack(0x00000013fc000000,0x00000013fc100000) (1024K)]
  0x0000016972921a50 JavaThread "JNA Cleaner"                daemon [_thread_blocked, id=16844, stack(0x00000013fbf00000,0x00000013fc000000) (1024K)]
  0x0000016972920010 JavaThread "Worker-0: Repository registry initialization"        [_thread_in_Java, id=5048, stack(0x00000013fc100000,0x00000013fc200000) (1024K)]
  0x00000169729220e0 JavaThread "Worker-1: Refreshing workspace"        [_thread_in_Java, id=6904, stack(0x00000013fc200000,0x00000013fc300000) (1024K)]
  0x000001697291f980 JavaThread "Worker-2: Processing Java changes since last activation"        [_thread_blocked, id=3264, stack(0x00000013fc300000,0x00000013fc400000) (1024K)]
  0x0000016972b48160 JavaThread "C2 CompilerThread1"         daemon [_thread_in_native, id=9196, stack(0x00000013fb200000,0x00000013fb300000) (1024K)]
=>0x0000016973ce2940 JavaThread "C2 CompilerThread2"         daemon [_thread_in_native, id=9964, stack(0x00000013fc400000,0x00000013fc500000) (1024K)]
  0x0000016972922770 JavaThread "Java indexing"              daemon [_thread_blocked, id=8460, stack(0x00000013fc500000,0x00000013fc600000) (1024K)]
  0x000001697291f2f0 JavaThread "Worker-3"                          [_thread_blocked, id=18276, stack(0x00000013fc600000,0x00000013fc700000) (1024K)]
Total: 26

Other Threads:
  0x00000169556de270 VMThread "VM Thread"                           [id=7292, stack(0x00000013fa600000,0x00000013fa700000) (1024K)]
  0x000001696bfac8d0 WatcherThread "VM Periodic Task Thread"        [id=8520, stack(0x00000013fa500000,0x00000013fa600000) (1024K)]
  0x000001695565a130 WorkerThread "GC Thread#0"                     [id=17196, stack(0x00000013fa400000,0x00000013fa500000) (1024K)]
  0x00000169725fd630 WorkerThread "GC Thread#1"                     [id=11208, stack(0x00000013fb300000,0x00000013fb400000) (1024K)]
  0x000001697285e350 WorkerThread "GC Thread#2"                     [id=17856, stack(0x00000013fb400000,0x00000013fb500000) (1024K)]
  0x000001697285e700 WorkerThread "GC Thread#3"                     [id=13520, stack(0x00000013fb500000,0x00000013fb600000) (1024K)]
  0x00000169728430f0 WorkerThread "GC Thread#4"                     [id=7004, stack(0x00000013fb600000,0x00000013fb700000) (1024K)]
  0x0000016972409db0 WorkerThread "GC Thread#5"                     [id=6728, stack(0x00000013fb700000,0x00000013fb800000) (1024K)]
  0x000001697240a570 WorkerThread "GC Thread#6"                     [id=10996, stack(0x00000013fb800000,0x00000013fb900000) (1024K)]
  0x0000016972583180 WorkerThread "GC Thread#7"                     [id=8744, stack(0x00000013fbb00000,0x00000013fbc00000) (1024K)]
Total: 10

Threads with active compile tasks:
C2 CompilerThread0  6597 4035       4       org.lombokweb.asm.ClassReader::readMethod (1070 bytes)
C2 CompilerThread1  6597 4286       4       org.eclipse.osgi.internal.serviceregistry.ServiceRegistry::notifyHooksPrivileged (57 bytes)
C2 CompilerThread2  6597 4219   !   4       org.eclipse.osgi.internal.loader.classpath.ClasspathManager::findClassImpl (328 bytes)
Total: 3

VM state: not at safepoint (normal execution)

VM Mutex/Monitor currently owned by a thread: None

Heap address: 0x0000000080000000, size: 2048 MB, Compressed Oops mode: 32-bit

CDS archive(s) mapped at: [0x0000016900000000-0x0000016900ba0000-0x0000016905a60000), size 94765056, SharedBaseAddress: 0x0000016900000000, ArchiveRelocationMode: 1.
Compressed class space mapped at: 0x0000016906000000-0x0000016946000000, reserved size: 1073741824
Narrow klass base: 0x0000016900000000, Narrow klass shift: 0, Narrow klass range: 0x100000000

GC Precious Log:
 CardTable entry size: 512
 CPUs: 8 total, 8 available
 Memory: 7885M
 Large Page Support: Disabled
 NUMA Support: Disabled
 Compressed Oops: Enabled (32-bit)
 Alignments: Space 512K, Generation 512K, Heap 2M
 Heap Min Capacity: 100M
 Heap Initial Capacity: 100M
 Heap Max Capacity: 2G
 Pre-touch: Disabled
 Parallel Workers: 8

Heap:
 PSYoungGen      total 25600K, used 24534K [0x00000000d5580000, 0x00000000d7380000, 0x0000000100000000)
  eden space 22528K, 96% used [0x00000000d5580000,0x00000000d6ad37b0,0x00000000d6b80000)
  from space 3072K, 87% used [0x00000000d7080000,0x00000000d73222b0,0x00000000d7380000)
  to   space 3584K, 0% used [0x00000000d6c80000,0x00000000d6c80000,0x00000000d7000000)
 ParOldGen       total 68608K, used 15132K [0x0000000080000000, 0x0000000084300000, 0x00000000d5580000)
  object space 68608K, 22% used [0x0000000080000000,0x0000000080ec7288,0x0000000084300000)
 Metaspace       used 12314K, committed 12992K, reserved 1114112K
  class space    used 1107K, committed 1408K, reserved 1048576K

Card table byte_map: [0x0000016954fe0000,0x00000169553f0000] _byte_map_base: 0x0000016954be0000

Marking Bits: (ParMarkBitMap*) 0x00007ffd52904460
 Begin Bits: [0x0000016967ad0000, 0x0000016969ad0000)
 End Bits:   [0x0000016969ad0000, 0x000001696bad0000)

Polling page: 0x00000169534c0000

Metaspace:

Usage:
  Non-class:     10.95 MB used.
      Class:      1.08 MB used.
       Both:     12.03 MB used.

Virtual space:
  Non-class space:       64.00 MB reserved,      11.31 MB ( 18%) committed,  1 nodes.
      Class space:        1.00 GB reserved,       1.38 MB ( <1%) committed,  1 nodes.
             Both:        1.06 GB reserved,      12.69 MB (  1%) committed. 

Chunk freelists:
   Non-Class:  3.36 MB
       Class:  14.53 MB
        Both:  17.89 MB

MaxMetaspaceSize: unlimited
CompressedClassSpaceSize: 1.00 GB
Initial GC threshold: 21.00 MB
Current GC threshold: 21.00 MB
CDS: on
 - commit_granule_bytes: 65536.
 - commit_granule_words: 8192.
 - virtual_space_node_default_size: 8388608.
 - enlarge_chunks_in_place: 1.
 - use_allocation_guard: 0.


Internal statistics:

num_allocs_failed_limit: 0.
num_arena_births: 606.
num_arena_deaths: 0.
num_vsnodes_births: 2.
num_vsnodes_deaths: 0.
num_space_committed: 203.
num_space_uncommitted: 0.
num_chunks_returned_to_freelist: 0.
num_chunks_taken_from_freelist: 1193.
num_chunk_merges: 0.
num_chunk_splits: 737.
num_chunks_enlarged: 426.
num_inconsistent_stats: 0.

CodeHeap 'non-profiled nmethods': size=120000Kb used=2001Kb max_used=2001Kb free=117999Kb
 bounds [0x00000169602f0000, 0x0000016960560000, 0x0000016967820000]
CodeHeap 'profiled nmethods': size=120000Kb used=9014Kb max_used=9014Kb free=110985Kb
 bounds [0x0000016958820000, 0x00000169590f0000, 0x000001695fd50000]
CodeHeap 'non-nmethods': size=5760Kb used=1352Kb max_used=1368Kb free=4407Kb
 bounds [0x000001695fd50000, 0x000001695ffc0000, 0x00000169602f0000]
CodeCache: size=245760Kb, used=12367Kb, max_used=12383Kb, free=233391Kb
 total_blobs=4945, nmethods=4299, adapters=552, full_count=0
Compilation: enabled, stopped_count=0, restarted_count=0

Compilation events (20 events):
Event: 6.467 Thread 0x000001696c0cd3d0 4277       3       org.eclipse.core.internal.resources.ResourceInfo::getType (10 bytes)
Event: 6.467 Thread 0x000001696c0cd3d0 nmethod 4277 0x00000169590dd590 code [0x00000169590dd740, 0x00000169590dd890]
Event: 6.467 Thread 0x000001696c0cd3d0 4278       3       org.eclipse.core.internal.resources.ResourceInfo::getBits (6 bytes)
Event: 6.467 Thread 0x000001696c0cd3d0 nmethod 4278 0x00000169590dd990 code [0x00000169590ddb20, 0x00000169590ddc18]
Event: 6.474 Thread 0x000001696c0cd3d0 4279   !   3       java.security.AccessController::doPrivileged (22 bytes)
Event: 6.475 Thread 0x000001696c0cd3d0 nmethod 4279 0x00000169590ddc90 code [0x00000169590dde80, 0x00000169590de308]
Event: 6.481 Thread 0x000001696c0cd3d0 4280       3       java.lang.invoke.MethodHandle::bindArgumentL (10 bytes)
Event: 6.482 Thread 0x000001696c0cd3d0 nmethod 4280 0x00000169590de590 code [0x00000169590de7a0, 0x00000169590dede8]
Event: 6.490 Thread 0x000001696c0cd3d0 4281       3       org.eclipse.osgi.internal.loader.BundleLoader::createExportPackageSource (90 bytes)
Event: 6.491 Thread 0x000001696c0cd3d0 nmethod 4281 0x00000169590df090 code [0x00000169590df2e0, 0x00000169590dfc10]
Event: 6.493 Thread 0x000001696c0cd3d0 4282       3       org.osgi.util.tracker.BundleTracker$Tracked::bundleChanged (48 bytes)
Event: 6.494 Thread 0x000001696c0cd3d0 nmethod 4282 0x00000169590dff10 code [0x00000169590e0100, 0x00000169590e0578]
Event: 6.496 Thread 0x000001696c0cd3d0 4283       3       java.lang.reflect.Constructor::copy (72 bytes)
Event: 6.496 Thread 0x000001696c0cd3d0 nmethod 4283 0x00000169590e0710 code [0x00000169590e08e0, 0x00000169590e0c08]
Event: 6.498 Thread 0x000001696c0cd3d0 4284       3       org.eclipse.core.internal.registry.ConfigurationElementHandle::getName (8 bytes)
Event: 6.498 Thread 0x000001696c0cd3d0 nmethod 4284 0x00000169590e0d10 code [0x00000169590e0ee0, 0x00000169590e1450]
Event: 6.507 Thread 0x0000016972b48160 nmethod 4256 0x00000169604dd690 code [0x00000169604ddaa0, 0x00000169604dfde8]
Event: 6.508 Thread 0x0000016972b48160 4264   !   4       java.util.WeakHashMap::expungeStaleEntries (139 bytes)
Event: 6.523 Thread 0x000001696c0cd3d0 4285   !   3       org.eclipse.osgi.internal.serviceregistry.ServiceRegistrationImpl::getReferenceImpl (57 bytes)
Event: 6.524 Thread 0x000001696c0cd3d0 nmethod 4285 0x00000169590e1610 code [0x00000169590e1880, 0x00000169590e2218]

GC Heap History (20 events):
Event: 0.731 GC heap before
{Heap before GC invocations=1 (full 0):
 PSYoungGen      total 29696K, used 25600K [0x00000000d5580000, 0x00000000d7680000, 0x0000000100000000)
  eden space 25600K, 100% used [0x00000000d5580000,0x00000000d6e80000,0x00000000d6e80000)
  from space 4096K, 0% used [0x00000000d7280000,0x00000000d7280000,0x00000000d7680000)
  to   space 4096K, 0% used [0x00000000d6e80000,0x00000000d6e80000,0x00000000d7280000)
 ParOldGen       total 68608K, used 0K [0x0000000080000000, 0x0000000084300000, 0x00000000d5580000)
  object space 68608K, 0% used [0x0000000080000000,0x0000000080000000,0x0000000084300000)
 Metaspace       used 1855K, committed 2048K, reserved 1114112K
  class space    used 161K, committed 256K, reserved 1048576K
}
Event: 0.736 GC heap after
{Heap after GC invocations=1 (full 0):
 PSYoungGen      total 29696K, used 3312K [0x00000000d5580000, 0x00000000d7680000, 0x0000000100000000)
  eden space 25600K, 0% used [0x00000000d5580000,0x00000000d5580000,0x00000000d6e80000)
  from space 4096K, 80% used [0x00000000d6e80000,0x00000000d71bc148,0x00000000d7280000)
  to   space 4096K, 0% used [0x00000000d7280000,0x00000000d7280000,0x00000000d7680000)
 ParOldGen       total 68608K, used 16K [0x0000000080000000, 0x0000000084300000, 0x00000000d5580000)
  object space 68608K, 0% used [0x0000000080000000,0x0000000080004000,0x0000000084300000)
 Metaspace       used 1855K, committed 2048K, reserved 1114112K
  class space    used 161K, committed 256K, reserved 1048576K
}
Event: 1.172 GC heap before
{Heap before GC invocations=2 (full 0):
 PSYoungGen      total 29696K, used 28912K [0x00000000d5580000, 0x00000000d7680000, 0x0000000100000000)
  eden space 25600K, 100% used [0x00000000d5580000,0x00000000d6e80000,0x00000000d6e80000)
  from space 4096K, 80% used [0x00000000d6e80000,0x00000000d71bc148,0x00000000d7280000)
  to   space 4096K, 0% used [0x00000000d7280000,0x00000000d7280000,0x00000000d7680000)
 ParOldGen       total 68608K, used 16K [0x0000000080000000, 0x0000000084300000, 0x00000000d5580000)
  object space 68608K, 0% used [0x0000000080000000,0x0000000080004000,0x0000000084300000)
 Metaspace       used 4879K, committed 5120K, reserved 1114112K
  class space    used 434K, committed 576K, reserved 1048576K
}
Event: 1.178 GC heap after
{Heap after GC invocations=2 (full 0):
 PSYoungGen      total 29696K, used 4084K [0x00000000d5580000, 0x00000000d7680000, 0x0000000100000000)
  eden space 25600K, 0% used [0x00000000d5580000,0x00000000d5580000,0x00000000d6e80000)
  from space 4096K, 99% used [0x00000000d7280000,0x00000000d767d1d8,0x00000000d7680000)
  to   space 4096K, 0% used [0x00000000d6e80000,0x00000000d6e80000,0x00000000d7280000)
 ParOldGen       total 68608K, used 2110K [0x0000000080000000, 0x0000000084300000, 0x00000000d5580000)
  object space 68608K, 3% used [0x0000000080000000,0x000000008020fb40,0x0000000084300000)
 Metaspace       used 4879K, committed 5120K, reserved 1114112K
  class space    used 434K, committed 576K, reserved 1048576K
}
Event: 1.440 GC heap before
{Heap before GC invocations=3 (full 0):
 PSYoungGen      total 29696K, used 29684K [0x00000000d5580000, 0x00000000d7680000, 0x0000000100000000)
  eden space 25600K, 100% used [0x00000000d5580000,0x00000000d6e80000,0x00000000d6e80000)
  from space 4096K, 99% used [0x00000000d7280000,0x00000000d767d1d8,0x00000000d7680000)
  to   space 4096K, 0% used [0x00000000d6e80000,0x00000000d6e80000,0x00000000d7280000)
 ParOldGen       total 68608K, used 2110K [0x0000000080000000, 0x0000000084300000, 0x00000000d5580000)
  object space 68608K, 3% used [0x0000000080000000,0x000000008020fb40,0x0000000084300000)
 Metaspace       used 5786K, committed 6080K, reserved 1114112K
  class space    used 539K, committed 704K, reserved 1048576K
}
Event: 1.445 GC heap after
{Heap after GC invocations=3 (full 0):
 PSYoungGen      total 29696K, used 4092K [0x00000000d5580000, 0x00000000d7680000, 0x0000000100000000)
  eden space 25600K, 0% used [0x00000000d5580000,0x00000000d5580000,0x00000000d6e80000)
  from space 4096K, 99% used [0x00000000d6e80000,0x00000000d727f1e0,0x00000000d7280000)
  to   space 4096K, 0% used [0x00000000d7280000,0x00000000d7280000,0x00000000d7680000)
 ParOldGen       total 68608K, used 5676K [0x0000000080000000, 0x0000000084300000, 0x00000000d5580000)
  object space 68608K, 8% used [0x0000000080000000,0x000000008058b350,0x0000000084300000)
 Metaspace       used 5786K, committed 6080K, reserved 1114112K
  class space    used 539K, committed 704K, reserved 1048576K
}
Event: 3.664 GC heap before
{Heap before GC invocations=4 (full 0):
 PSYoungGen      total 29696K, used 29692K [0x00000000d5580000, 0x00000000d7680000, 0x0000000100000000)
  eden space 25600K, 100% used [0x00000000d5580000,0x00000000d6e80000,0x00000000d6e80000)
  from space 4096K, 99% used [0x00000000d6e80000,0x00000000d727f1e0,0x00000000d7280000)
  to   space 4096K, 0% used [0x00000000d7280000,0x00000000d7280000,0x00000000d7680000)
 ParOldGen       total 68608K, used 5676K [0x0000000080000000, 0x0000000084300000, 0x00000000d5580000)
  object space 68608K, 8% used [0x0000000080000000,0x000000008058b350,0x0000000084300000)
 Metaspace       used 6317K, committed 6720K, reserved 1114112K
  class space    used 575K, committed 768K, reserved 1048576K
}
Event: 3.672 GC heap after
{Heap after GC invocations=4 (full 0):
 PSYoungGen      total 29696K, used 4092K [0x00000000d5580000, 0x00000000d7680000, 0x0000000100000000)
  eden space 25600K, 0% used [0x00000000d5580000,0x00000000d5580000,0x00000000d6e80000)
  from space 4096K, 99% used [0x00000000d7280000,0x00000000d767f3b0,0x00000000d7680000)
  to   space 4096K, 0% used [0x00000000d6e80000,0x00000000d6e80000,0x00000000d7280000)
 ParOldGen       total 68608K, used 7137K [0x0000000080000000, 0x0000000084300000, 0x00000000d5580000)
  object space 68608K, 10% used [0x0000000080000000,0x00000000806f8500,0x0000000084300000)
 Metaspace       used 6317K, committed 6720K, reserved 1114112K
  class space    used 575K, committed 768K, reserved 1048576K
}
Event: 4.312 GC heap before
{Heap before GC invocations=5 (full 0):
 PSYoungGen      total 29696K, used 29692K [0x00000000d5580000, 0x00000000d7680000, 0x0000000100000000)
  eden space 25600K, 100% used [0x00000000d5580000,0x00000000d6e80000,0x00000000d6e80000)
  from space 4096K, 99% used [0x00000000d7280000,0x00000000d767f3b0,0x00000000d7680000)
  to   space 4096K, 0% used [0x00000000d6e80000,0x00000000d6e80000,0x00000000d7280000)
 ParOldGen       total 68608K, used 7137K [0x0000000080000000, 0x0000000084300000, 0x00000000d5580000)
  object space 68608K, 10% used [0x0000000080000000,0x00000000806f8500,0x0000000084300000)
 Metaspace       used 7575K, committed 8000K, reserved 1114112K
  class space    used 682K, committed 896K, reserved 1048576K
}
Event: 4.319 GC heap after
{Heap after GC invocations=5 (full 0):
 PSYoungGen      total 29184K, used 4078K [0x00000000d5580000, 0x00000000d7a00000, 0x0000000100000000)
  eden space 25088K, 0% used [0x00000000d5580000,0x00000000d5580000,0x00000000d6e00000)
  from space 4096K, 99% used [0x00000000d6e80000,0x00000000d727b9f8,0x00000000d7280000)
  to   space 6144K, 0% used [0x00000000d7400000,0x00000000d7400000,0x00000000d7a00000)
 ParOldGen       total 68608K, used 8573K [0x0000000080000000, 0x0000000084300000, 0x00000000d5580000)
  object space 68608K, 12% used [0x0000000080000000,0x000000008085f698,0x0000000084300000)
 Metaspace       used 7575K, committed 8000K, reserved 1114112K
  class space    used 682K, committed 896K, reserved 1048576K
}
Event: 4.823 GC heap before
{Heap before GC invocations=6 (full 0):
 PSYoungGen      total 29184K, used 29163K [0x00000000d5580000, 0x00000000d7a00000, 0x0000000100000000)
  eden space 25088K, 99% used [0x00000000d5580000,0x00000000d6dff538,0x00000000d6e00000)
  from space 4096K, 99% used [0x00000000d6e80000,0x00000000d727b9f8,0x00000000d7280000)
  to   space 6144K, 0% used [0x00000000d7400000,0x00000000d7400000,0x00000000d7a00000)
 ParOldGen       total 68608K, used 8573K [0x0000000080000000, 0x0000000084300000, 0x00000000d5580000)
  object space 68608K, 12% used [0x0000000080000000,0x000000008085f698,0x0000000084300000)
 Metaspace       used 8708K, committed 9216K, reserved 1114112K
  class space    used 790K, committed 1024K, reserved 1048576K
}
Event: 4.830 GC heap after
{Heap after GC invocations=6 (full 0):
 PSYoungGen      total 29696K, used 5114K [0x00000000d5580000, 0x00000000d7900000, 0x0000000100000000)
  eden space 24576K, 0% used [0x00000000d5580000,0x00000000d5580000,0x00000000d6d80000)
  from space 5120K, 99% used [0x00000000d7400000,0x00000000d78fea40,0x00000000d7900000)
  to   space 5632K, 0% used [0x00000000d6e00000,0x00000000d6e00000,0x00000000d7380000)
 ParOldGen       total 68608K, used 8581K [0x0000000080000000, 0x0000000084300000, 0x00000000d5580000)
  object space 68608K, 12% used [0x0000000080000000,0x0000000080861698,0x0000000084300000)
 Metaspace       used 8708K, committed 9216K, reserved 1114112K
  class space    used 790K, committed 1024K, reserved 1048576K
}
Event: 5.197 GC heap before
{Heap before GC invocations=7 (full 0):
 PSYoungGen      total 29696K, used 29690K [0x00000000d5580000, 0x00000000d7900000, 0x0000000100000000)
  eden space 24576K, 100% used [0x00000000d5580000,0x00000000d6d80000,0x00000000d6d80000)
  from space 5120K, 99% used [0x00000000d7400000,0x00000000d78fea40,0x00000000d7900000)
  to   space 5632K, 0% used [0x00000000d6e00000,0x00000000d6e00000,0x00000000d7380000)
 ParOldGen       total 68608K, used 8581K [0x0000000080000000, 0x0000000084300000, 0x00000000d5580000)
  object space 68608K, 12% used [0x0000000080000000,0x0000000080861698,0x0000000084300000)
 Metaspace       used 9254K, committed 9856K, reserved 1114112K
  class space    used 858K, committed 1152K, reserved 1048576K
}
Event: 5.206 GC heap after
{Heap after GC invocations=7 (full 0):
 PSYoungGen      total 29184K, used 4963K [0x00000000d5580000, 0x00000000d7700000, 0x0000000100000000)
  eden space 24064K, 0% used [0x00000000d5580000,0x00000000d5580000,0x00000000d6d00000)
  from space 5120K, 96% used [0x00000000d6e00000,0x00000000d72d8dd0,0x00000000d7300000)
  to   space 4096K, 0% used [0x00000000d7300000,0x00000000d7300000,0x00000000d7700000)
 ParOldGen       total 68608K, used 10009K [0x0000000080000000, 0x0000000084300000, 0x00000000d5580000)
  object space 68608K, 14% used [0x0000000080000000,0x00000000809c6720,0x0000000084300000)
 Metaspace       used 9254K, committed 9856K, reserved 1114112K
  class space    used 858K, committed 1152K, reserved 1048576K
}
Event: 5.666 GC heap before
{Heap before GC invocations=8 (full 0):
 PSYoungGen      total 29184K, used 29027K [0x00000000d5580000, 0x00000000d7700000, 0x0000000100000000)
  eden space 24064K, 100% used [0x00000000d5580000,0x00000000d6d00000,0x00000000d6d00000)
  from space 5120K, 96% used [0x00000000d6e00000,0x00000000d72d8dd0,0x00000000d7300000)
  to   space 4096K, 0% used [0x00000000d7300000,0x00000000d7300000,0x00000000d7700000)
 ParOldGen       total 68608K, used 10009K [0x0000000080000000, 0x0000000084300000, 0x00000000d5580000)
  object space 68608K, 14% used [0x0000000080000000,0x00000000809c6720,0x0000000084300000)
 Metaspace       used 10227K, committed 10880K, reserved 1114112K
  class space    used 915K, committed 1216K, reserved 1048576K
}
Event: 5.674 GC heap after
{Heap after GC invocations=8 (full 0):
 PSYoungGen      total 27648K, used 4085K [0x00000000d5580000, 0x00000000d7780000, 0x0000000100000000)
  eden space 23552K, 0% used [0x00000000d5580000,0x00000000d5580000,0x00000000d6c80000)
  from space 4096K, 99% used [0x00000000d7300000,0x00000000d76fd5a8,0x00000000d7700000)
  to   space 5632K, 0% used [0x00000000d6c80000,0x00000000d6c80000,0x00000000d7200000)
 ParOldGen       total 68608K, used 11225K [0x0000000080000000, 0x0000000084300000, 0x00000000d5580000)
  object space 68608K, 16% used [0x0000000080000000,0x0000000080af6588,0x0000000084300000)
 Metaspace       used 10227K, committed 10880K, reserved 1114112K
  class space    used 915K, committed 1216K, reserved 1048576K
}
Event: 5.907 GC heap before
{Heap before GC invocations=9 (full 0):
 PSYoungGen      total 27648K, used 26897K [0x00000000d5580000, 0x00000000d7780000, 0x0000000100000000)
  eden space 23552K, 96% used [0x00000000d5580000,0x00000000d6bc7038,0x00000000d6c80000)
  from space 4096K, 99% used [0x00000000d7300000,0x00000000d76fd5a8,0x00000000d7700000)
  to   space 5632K, 0% used [0x00000000d6c80000,0x00000000d6c80000,0x00000000d7200000)
 ParOldGen       total 68608K, used 11225K [0x0000000080000000, 0x0000000084300000, 0x00000000d5580000)
  object space 68608K, 16% used [0x0000000080000000,0x0000000080af6588,0x0000000084300000)
 Metaspace       used 11611K, committed 12288K, reserved 1114112K
  class space    used 1042K, committed 1344K, reserved 1048576K
}
Event: 5.914 GC heap after
{Heap after GC invocations=9 (full 0):
 PSYoungGen      total 26624K, used 3536K [0x00000000d5580000, 0x00000000d7500000, 0x0000000100000000)
  eden space 23040K, 0% used [0x00000000d5580000,0x00000000d5580000,0x00000000d6c00000)
  from space 3584K, 98% used [0x00000000d6c80000,0x00000000d6ff4050,0x00000000d7000000)
  to   space 4608K, 0% used [0x00000000d7080000,0x00000000d7080000,0x00000000d7500000)
 ParOldGen       total 68608K, used 12830K [0x0000000080000000, 0x0000000084300000, 0x00000000d5580000)
  object space 68608K, 18% used [0x0000000080000000,0x0000000080c87ae8,0x0000000084300000)
 Metaspace       used 11611K, committed 12288K, reserved 1114112K
  class space    used 1042K, committed 1344K, reserved 1048576K
}
Event: 6.205 GC heap before
{Heap before GC invocations=10 (full 0):
 PSYoungGen      total 26624K, used 26576K [0x00000000d5580000, 0x00000000d7500000, 0x0000000100000000)
  eden space 23040K, 100% used [0x00000000d5580000,0x00000000d6c00000,0x00000000d6c00000)
  from space 3584K, 98% used [0x00000000d6c80000,0x00000000d6ff4050,0x00000000d7000000)
  to   space 4608K, 0% used [0x00000000d7080000,0x00000000d7080000,0x00000000d7500000)
 ParOldGen       total 68608K, used 12830K [0x0000000080000000, 0x0000000084300000, 0x00000000d5580000)
  object space 68608K, 18% used [0x0000000080000000,0x0000000080c87ae8,0x0000000084300000)
 Metaspace       used 12016K, committed 12672K, reserved 1114112K
  class space    used 1069K, committed 1344K, reserved 1048576K
}
Event: 6.210 GC heap after
{Heap after GC invocations=10 (full 0):
 PSYoungGen      total 25600K, used 2696K [0x00000000d5580000, 0x00000000d7380000, 0x0000000100000000)
  eden space 22528K, 0% used [0x00000000d5580000,0x00000000d5580000,0x00000000d6b80000)
  from space 3072K, 87% used [0x00000000d7080000,0x00000000d73222b0,0x00000000d7380000)
  to   space 3584K, 0% used [0x00000000d6c80000,0x00000000d6c80000,0x00000000d7000000)
 ParOldGen       total 68608K, used 15132K [0x0000000080000000, 0x0000000084300000, 0x00000000d5580000)
  object space 68608K, 22% used [0x0000000080000000,0x0000000080ec7288,0x0000000084300000)
 Metaspace       used 12016K, committed 12672K, reserved 1114112K
  class space    used 1069K, committed 1344K, reserved 1048576K
}

Dll operation events (10 events):
Event: 0.010 Loaded shared library c:\Users\enriq\.vscode-insiders\extensions\redhat.java-1.55.0-win32-x64\jre\21.0.11-win32-x86_64\bin\java.dll
Event: 0.252 Loaded shared library c:\Users\enriq\.vscode-insiders\extensions\redhat.java-1.55.0-win32-x64\jre\21.0.11-win32-x86_64\bin\zip.dll
Event: 0.259 Loaded shared library C:\Users\enriq\.vscode-insiders\extensions\redhat.java-1.55.0-win32-x64\jre\21.0.11-win32-x86_64\bin\instrument.dll
Event: 0.264 Loaded shared library C:\Users\enriq\.vscode-insiders\extensions\redhat.java-1.55.0-win32-x64\jre\21.0.11-win32-x86_64\bin\net.dll
Event: 0.266 Loaded shared library C:\Users\enriq\.vscode-insiders\extensions\redhat.java-1.55.0-win32-x64\jre\21.0.11-win32-x86_64\bin\nio.dll
Event: 0.270 Loaded shared library C:\Users\enriq\.vscode-insiders\extensions\redhat.java-1.55.0-win32-x64\jre\21.0.11-win32-x86_64\bin\zip.dll
Event: 0.292 Loaded shared library C:\Users\enriq\.vscode-insiders\extensions\redhat.java-1.55.0-win32-x64\jre\21.0.11-win32-x86_64\bin\jimage.dll
Event: 0.357 Loaded shared library c:\Users\enriq\.vscode-insiders\extensions\redhat.java-1.55.0-win32-x64\jre\21.0.11-win32-x86_64\bin\verify.dll
Event: 1.175 Loaded shared library C:\Users\enriq\AppData\Roaming\Code - Insiders\User\globalStorage\redhat.java\1.55.0\config_win\org.eclipse.equinox.launcher\org.eclipse.equinox.launcher.win32.win32.x86_64_1.3.100.v20260613-0559\eclipse_11924.dll
Event: 4.437 Loaded shared library C:\Users\enriq\AppData\Local\Temp\jna-96665553\jna6632436008904871480.dll

Deoptimization events (20 events):
Event: 6.214 Thread 0x0000016972920010 DEOPT PACKING pc=0x00000169604b20b8 sp=0x00000013fc1fe590
Event: 6.214 Thread 0x0000016972920010 DEOPT UNPACKING pc=0x000001695fda3aa2 sp=0x00000013fc1fe518 mode 2
Event: 6.214 Thread 0x0000016972920010 Uncommon trap: trap_request=0xffffffde fr.pc=0x00000169604b20b8 relative=0x00000000000000f8
Event: 6.214 Thread 0x0000016972920010 Uncommon trap: reason=class_check action=maybe_recompile pc=0x00000169604b20b8 method=java.lang.Character.codePointAt(Ljava/lang/CharSequence;I)I @ 2 c2
Event: 6.214 Thread 0x0000016972920010 DEOPT PACKING pc=0x00000169604b20b8 sp=0x00000013fc1fe590
Event: 6.214 Thread 0x0000016972920010 DEOPT UNPACKING pc=0x000001695fda3aa2 sp=0x00000013fc1fe518 mode 2
Event: 6.217 Thread 0x0000016972920010 Uncommon trap: trap_request=0xffffff76 fr.pc=0x000001696043b804 relative=0x0000000000000384
Event: 6.217 Thread 0x0000016972920010 Uncommon trap: reason=predicate action=maybe_recompile pc=0x000001696043b804 method=java.util.regex.Pattern$BmpCharPropertyGreedy.match(Ljava/util/regex/Matcher;ILjava/lang/CharSequence;)Z @ 12 c2
Event: 6.217 Thread 0x0000016972920010 DEOPT PACKING pc=0x000001696043b804 sp=0x00000013fc1fe510
Event: 6.217 Thread 0x0000016972920010 DEOPT UNPACKING pc=0x000001695fda3aa2 sp=0x00000013fc1fe498 mode 2
Event: 6.350 Thread 0x00000169729220e0 DEOPT PACKING pc=0x0000016958c64834 sp=0x00000013fc2fe2b0
Event: 6.350 Thread 0x00000169729220e0 DEOPT UNPACKING pc=0x000001695fda4242 sp=0x00000013fc2fd848 mode 0
Event: 6.354 Thread 0x000001696c0bc530 DEOPT PACKING pc=0x0000016958c6473c sp=0x00000013fbdfa830
Event: 6.354 Thread 0x000001696c0bc530 DEOPT UNPACKING pc=0x000001695fda4242 sp=0x00000013fbdf9dc8 mode 0
Event: 6.402 Thread 0x00000169729220e0 DEOPT PACKING pc=0x0000016958c9c79f sp=0x00000013fc2fd200
Event: 6.402 Thread 0x00000169729220e0 DEOPT UNPACKING pc=0x000001695fda4242 sp=0x00000013fc2fc6d8 mode 0
Event: 6.402 Thread 0x00000169729220e0 Uncommon trap: trap_request=0xffffff45 fr.pc=0x00000169604ac774 relative=0x0000000000001294
Event: 6.402 Thread 0x00000169729220e0 Uncommon trap: reason=unstable_if action=reinterpret pc=0x00000169604ac774 method=java.util.Properties.loadConvert([CIILjava/lang/StringBuilder;)Ljava/lang/String; @ 477 c2
Event: 6.402 Thread 0x00000169729220e0 DEOPT PACKING pc=0x00000169604ac774 sp=0x00000013fc2fd230
Event: 6.402 Thread 0x00000169729220e0 DEOPT UNPACKING pc=0x000001695fda3aa2 sp=0x00000013fc2fd1f8 mode 2

Classes loaded (20 events):
Event: 6.134 Loading class com/sun/org/apache/xerces/internal/impl/msg/XMLSerializerMessages_es
Event: 6.134 Loading class com/sun/org/apache/xerces/internal/impl/msg/XMLSerializerMessages_es done
Event: 6.134 Loading class com/sun/org/apache/xerces/internal/impl/msg/XMLSerializerMessages_es
Event: 6.134 Loading class com/sun/org/apache/xerces/internal/impl/msg/XMLSerializerMessages_es done
Event: 6.134 Loading class com/sun/org/apache/xerces/internal/impl/msg/XMLSerializerMessages_es_CO
Event: 6.135 Loading class com/sun/org/apache/xerces/internal/impl/msg/XMLSerializerMessages_es_CO done
Event: 6.135 Loading class com/sun/org/apache/xerces/internal/impl/msg/XMLSerializerMessages_es_CO
Event: 6.135 Loading class com/sun/org/apache/xerces/internal/impl/msg/XMLSerializerMessages_es_CO done
Event: 6.135 Loading class com/sun/org/apache/xerces/internal/impl/msg/XMLMessages
Event: 6.135 Loading class com/sun/org/apache/xerces/internal/impl/msg/XMLMessages done
Event: 6.135 Loading class com/sun/org/apache/xerces/internal/impl/msg/XMLMessages
Event: 6.135 Loading class com/sun/org/apache/xerces/internal/impl/msg/XMLMessages done
Event: 6.143 Loading class com/sun/org/apache/xerces/internal/impl/msg/XMLMessages_es
Event: 6.143 Loading class com/sun/org/apache/xerces/internal/impl/msg/XMLMessages_es done
Event: 6.144 Loading class com/sun/org/apache/xerces/internal/impl/msg/XMLMessages_es
Event: 6.144 Loading class com/sun/org/apache/xerces/internal/impl/msg/XMLMessages_es done
Event: 6.146 Loading class com/sun/org/apache/xerces/internal/impl/msg/XMLMessages_es_CO
Event: 6.146 Loading class com/sun/org/apache/xerces/internal/impl/msg/XMLMessages_es_CO done
Event: 6.147 Loading class com/sun/org/apache/xerces/internal/impl/msg/XMLMessages_es_CO
Event: 6.147 Loading class com/sun/org/apache/xerces/internal/impl/msg/XMLMessages_es_CO done

Classes unloaded (0 events):
No events

Classes redefined (0 events):
No events

Internal exceptions (20 events):
Event: 3.571 Thread 0x000001696c0bc530 Exception <a 'java/lang/NullPointerException'{0x00000000d66b6058}> (0x00000000d66b6058) 
thrown [s\src\hotspot\share\interpreter\linkResolver.cpp, line 1372]
Event: 3.777 Thread 0x000001696c0bc530 Exception <a 'java/io/FileNotFoundException'{0x00000000d596edd0}> (0x00000000d596edd0) 
thrown [s\src\hotspot\share\prims\jni.cpp, line 520]
Event: 4.222 Thread 0x000001696c0bc530 Exception <a 'java/io/FileNotFoundException'{0x00000000d6a102c0}> (0x00000000d6a102c0) 
thrown [s\src\hotspot\share\prims\jni.cpp, line 520]
Event: 4.223 Thread 0x000001696c0bc530 Exception <a 'java/io/FileNotFoundException'{0x00000000d6a23e40}> (0x00000000d6a23e40) 
thrown [s\src\hotspot\share\prims\jni.cpp, line 520]
Event: 4.470 Thread 0x000001696c0bc530 Exception <a 'java/lang/NoSuchMethodError'{0x00000000d5c2ccf8}: method resolution failed> (0x00000000d5c2ccf8) 
thrown [s\src\hotspot\share\prims\methodHandles.cpp, line 1136]
Event: 4.520 Thread 0x000001696c0bc530 Exception <a 'java/lang/IncompatibleClassChangeError'{0x00000000d5edde90}: Found class java.lang.Object, but interface was expected> (0x00000000d5edde90) 
thrown [s\src\hotspot\share\interpreter\linkResolver.cpp, line 840]
Event: 5.036 Thread 0x000001696c0bc530 Exception <a 'java/lang/NoSuchMethodError'{0x00000000d658b0d8}: 'java.lang.Object java.lang.invoke.DirectMethodHandle$Holder.invokeStatic(java.lang.Object, java.lang.Object, java.lang.Object, java.lang.Object, int, java.lang.Object)'> (0x00000000d658b0d8) 
thrown [s\src\hotspot\share\interpreter\linkResolver.cpp, line 773]
Event: 5.140 Thread 0x000001696c0bc530 Exception <a 'java/lang/NoSuchMethodError'{0x00000000d68dd4f8}: static Lorg/eclipse/m2e/core/internal/lifecyclemapping/model/PluginExecutionMetadata;.<clinit>()V> (0x00000000d68dd4f8) 
thrown [s\src\hotspot\share\prims\jni.cpp, line 1111]
Event: 5.145 Thread 0x000001696c0bc530 Exception <a 'java/lang/NoSuchMethodError'{0x00000000d693d848}: static Lorg/eclipse/m2e/core/internal/lifecyclemapping/model/PluginExecutionFilter;.<clinit>()V> (0x00000000d693d848) 
thrown [s\src\hotspot\share\prims\jni.cpp, line 1111]
Event: 5.148 Thread 0x000001696c0bc530 Exception <a 'java/lang/NoSuchMethodError'{0x00000000d696d560}: static Lorg/eclipse/m2e/core/internal/project/registry/MavenProjectFacade$MavenProjectConfiguration;.<clinit>()V> (0x00000000d696d560) 
thrown [s\src\hotspot\share\prims\jni.cpp, line 1111]
Event: 5.636 Thread 0x000001696c0bc530 Exception <a 'java/io/FileNotFoundException'{0x00000000d69c7578}> (0x00000000d69c7578) 
thrown [s\src\hotspot\share\prims\jni.cpp, line 520]
Event: 5.636 Thread 0x000001696c0bc530 Exception <a 'java/io/FileNotFoundException'{0x00000000d69c8438}> (0x00000000d69c8438) 
thrown [s\src\hotspot\share\prims\jni.cpp, line 520]
Event: 5.636 Thread 0x000001696c0bc530 Exception <a 'java/io/FileNotFoundException'{0x00000000d69c9400}> (0x00000000d69c9400) 
thrown [s\src\hotspot\share\prims\jni.cpp, line 520]
Event: 5.809 Thread 0x000001696c0bc530 Implicit null exception at 0x00000169604b6d75 to 0x00000169604b6e50
Event: 5.946 Thread 0x000001696c0bc530 Exception <a 'java/io/FileNotFoundException'{0x00000000d6095740}> (0x00000000d6095740) 
thrown [s\src\hotspot\share\prims\jni.cpp, line 520]
Event: 5.947 Thread 0x000001696c0bc530 Exception <a 'java/io/FileNotFoundException'{0x00000000d6096798}> (0x00000000d6096798) 
thrown [s\src\hotspot\share\prims\jni.cpp, line 520]
Event: 6.130 Thread 0x000001696c0bc530 Exception <a 'java/lang/ClassNotFoundException'{0x00000000d6976710}: com/sun/org/apache/xerces/internal/impl/msg/spi/DOMMessagesProvider> (0x00000000d6976710) 
thrown [s\src\hotspot\share\classfile\systemDictionary.cpp, line 313]
Event: 6.133 Thread 0x000001696c0bc530 Exception <a 'java/lang/ClassNotFoundException'{0x00000000d699ad20}: com/sun/org/apache/xerces/internal/impl/msg/spi/XMLSerializerMessagesProvider> (0x00000000d699ad20) 
thrown [s\src\hotspot\share\classfile\systemDictionary.cpp, line 313]
Event: 6.135 Thread 0x000001696c0bc530 Exception <a 'java/lang/ClassNotFoundException'{0x00000000d69b32e8}: com/sun/org/apache/xerces/internal/impl/msg/spi/XMLMessagesProvider> (0x00000000d69b32e8) 
thrown [s\src\hotspot\share\classfile\systemDictionary.cpp, line 313]
Event: 6.502 Thread 0x00000169729220e0 Exception <a 'java/io/FileNotFoundException'{0x00000000d61c5168}> (0x00000000d61c5168) 
thrown [s\src\hotspot\share\prims\jni.cpp, line 520]

ZGC Phase Switch (0 events):
No events

VM Operations (20 events):
Event: 4.692 Executing non-safepoint VM operation: HandshakeAllThreads (Deoptimize) done
Event: 4.743 Executing safepoint VM operation: ICBufferFull
Event: 4.743 Executing safepoint VM operation: ICBufferFull done
Event: 4.823 Executing safepoint VM operation: ParallelGCFailedAllocation (Allocation Failure)
Event: 4.831 Executing safepoint VM operation: ParallelGCFailedAllocation (Allocation Failure) done
Event: 5.028 Executing non-safepoint VM operation: HandshakeAllThreads (Deoptimize)
Event: 5.028 Executing non-safepoint VM operation: HandshakeAllThreads (Deoptimize) done
Event: 5.197 Executing safepoint VM operation: ParallelGCFailedAllocation (Allocation Failure)
Event: 5.206 Executing safepoint VM operation: ParallelGCFailedAllocation (Allocation Failure) done
Event: 5.218 Executing non-safepoint VM operation: HandshakeAllThreads (Deoptimize)
Event: 5.218 Executing non-safepoint VM operation: HandshakeAllThreads (Deoptimize) done
Event: 5.666 Executing safepoint VM operation: ParallelGCFailedAllocation (Allocation Failure)
Event: 5.674 Executing safepoint VM operation: ParallelGCFailedAllocation (Allocation Failure) done
Event: 5.907 Executing safepoint VM operation: ParallelGCFailedAllocation (Allocation Failure)
Event: 5.914 Executing safepoint VM operation: ParallelGCFailedAllocation (Allocation Failure) done
Event: 6.195 Executing non-safepoint VM operation: HandshakeAllThreads (Deoptimize)
Event: 6.195 Executing non-safepoint VM operation: HandshakeAllThreads (Deoptimize) done
Event: 6.205 Executing safepoint VM operation: ParallelGCFailedAllocation (Allocation Failure)
Event: 6.210 Executing safepoint VM operation: ParallelGCFailedAllocation (Allocation Failure) done
Event: 6.426 Executing non-safepoint VM operation: HandshakeAllThreads (Deoptimize)

Memory protections (0 events):
No events

Nmethod flushes (0 events):
No events

Events (20 events):
Event: 1.168 Thread 0x0000016955645000 Thread added: 0x000001696c0bb180
Event: 1.206 Thread 0x000001696c0bb180 Thread added: 0x000001696c0bbea0
Event: 1.210 Thread 0x0000016955645000 Thread added: 0x000001696c0bc530
Event: 1.463 Thread 0x000001696c0bc530 Thread added: 0x000001696c0b9dd0
Event: 1.656 Thread 0x0000016972066000 Thread exited: 0x0000016972066000
Event: 1.656 Thread 0x000001696db29740 Thread exited: 0x000001696db29740
Event: 3.538 Thread 0x000001696c0bc530 Thread added: 0x000001696c0bb810
Event: 3.707 Thread 0x000001696c0cd3d0 Thread added: 0x0000016972d7a4d0
Event: 3.707 Thread 0x000001696c0cd3d0 Thread added: 0x0000016972d7ab80
Event: 4.030 Thread 0x000001696c0bc530 Thread added: 0x00000169729213c0
Event: 4.157 Thread 0x0000016972d7ab80 Thread exited: 0x0000016972d7ab80
Event: 4.466 Thread 0x000001696c0bc530 Thread added: 0x0000016972921a50
Event: 4.500 Thread 0x000001696c0bc530 Thread added: 0x0000016972920010
Event: 4.525 Thread 0x000001696c0bc530 Thread added: 0x00000169729220e0
Event: 4.732 Thread 0x00000169729220e0 Thread added: 0x000001697291f980
Event: 5.483 Thread 0x0000016972d7a4d0 Thread exited: 0x0000016972d7a4d0
Event: 5.946 Thread 0x000001696c0cd3d0 Thread added: 0x0000016972b48160
Event: 6.107 Thread 0x000001696c0cd3d0 Thread added: 0x0000016973ce2940
Event: 6.341 Thread 0x000001696c0bc530 Thread added: 0x0000016972922770
Event: 6.347 Thread 0x000001697291f980 Thread added: 0x000001697291f2f0


Dynamic libraries:
0x00007ff7ce200000 - 0x00007ff7ce20e000 	c:\Users\enriq\.vscode-insiders\extensions\redhat.java-1.55.0-win32-x64\jre\21.0.11-win32-x86_64\bin\java.exe
0x00007ffdd9180000 - 0x00007ffdd93e6000 	C:\WINDOWS\SYSTEM32\ntdll.dll
0x00007ffdd7920000 - 0x00007ffdd79e9000 	C:\WINDOWS\System32\KERNEL32.DLL
0x00007ffdd64d0000 - 0x00007ffdd68ce000 	C:\WINDOWS\System32\KERNELBASE.dll
0x00007ffdd6d50000 - 0x00007ffdd6e9c000 	C:\WINDOWS\System32\ucrtbase.dll
0x00007ffdc3950000 - 0x00007ffdc396e000 	c:\Users\enriq\.vscode-insiders\extensions\redhat.java-1.55.0-win32-x64\jre\21.0.11-win32-x86_64\bin\VCRUNTIME140.dll
0x00007ffdc7980000 - 0x00007ffdc7998000 	c:\Users\enriq\.vscode-insiders\extensions\redhat.java-1.55.0-win32-x64\jre\21.0.11-win32-x86_64\bin\jli.dll
0x00007ffdd71b0000 - 0x00007ffdd7377000 	C:\WINDOWS\System32\USER32.dll
0x00007ffdd6b10000 - 0x00007ffdd6b37000 	C:\WINDOWS\System32\win32u.dll
0x00007ffdd7e80000 - 0x00007ffdd7eab000 	C:\WINDOWS\System32\GDI32.dll
0x00007ffdd63a0000 - 0x00007ffdd64ca000 	C:\WINDOWS\System32\gdi32full.dll
0x00007ffdbf270000 - 0x00007ffdbf502000 	C:\WINDOWS\WinSxS\amd64_microsoft.windows.common-controls_6595b64144ccf1df_6.0.26100.8875_none_3e0d5d42e32fe9dd\COMCTL32.dll
0x00007ffdd69a0000 - 0x00007ffdd6a43000 	C:\WINDOWS\System32\msvcp_win.dll
0x00007ffdd7dd0000 - 0x00007ffdd7e79000 	C:\WINDOWS\System32\msvcrt.dll
0x00007ffdd7c40000 - 0x00007ffdd7c72000 	C:\WINDOWS\System32\IMM32.DLL
0x0000000074a00000 - 0x0000000074a0d000 	C:\Program Files (x86)\360\Total Security\safemon\SafeWrapper.dll
0x00007ffdd7d10000 - 0x00007ffdd7dc7000 	C:\WINDOWS\System32\ADVAPI32.dll
0x00007ffdd79f0000 - 0x00007ffdd7a9a000 	C:\WINDOWS\System32\sechost.dll
0x00007ffdd7690000 - 0x00007ffdd77a8000 	C:\WINDOWS\System32\RPCRT4.dll
0x00007ffdd3c60000 - 0x00007ffdd3d65000 	C:\Program Files (x86)\360\Total Security\safemon\libzdtp64.dll
0x00007ffdd8340000 - 0x00007ffdd8ad2000 	C:\WINDOWS\System32\SHELL32.dll
0x00007ffdd7c80000 - 0x00007ffdd7ce7000 	C:\WINDOWS\System32\SHLWAPI.dll
0x00007ffdd5e60000 - 0x00007ffdd5e6b000 	C:\WINDOWS\SYSTEM32\VERSION.dll
0x00007ffdd0cd0000 - 0x00007ffdd0cdc000 	c:\Users\enriq\.vscode-insiders\extensions\redhat.java-1.55.0-win32-x64\jre\21.0.11-win32-x86_64\bin\vcruntime140_1.dll
0x00007ffdbbe30000 - 0x00007ffdbbebd000 	c:\Users\enriq\.vscode-insiders\extensions\redhat.java-1.55.0-win32-x64\jre\21.0.11-win32-x86_64\bin\msvcp140.dll
0x00007ffd51c40000 - 0x00007ffd529e2000 	c:\Users\enriq\.vscode-insiders\extensions\redhat.java-1.55.0-win32-x64\jre\21.0.11-win32-x86_64\bin\server\jvm.dll
0x00007ffdd7380000 - 0x00007ffdd7400000 	C:\WINDOWS\System32\WS2_32.dll
0x00007ffdd6200000 - 0x00007ffdd625e000 	C:\WINDOWS\SYSTEM32\POWRPROF.dll
0x00007ffdcc950000 - 0x00007ffdcc986000 	C:\WINDOWS\SYSTEM32\WINMM.dll
0x00007ffdd61d0000 - 0x00007ffdd61e4000 	C:\WINDOWS\SYSTEM32\UMPDC.dll
0x00007ffdd5000000 - 0x00007ffdd501b000 	C:\WINDOWS\SYSTEM32\kernel.appcore.dll
0x00007ffdd09e0000 - 0x00007ffdd09ea000 	c:\Users\enriq\.vscode-insiders\extensions\redhat.java-1.55.0-win32-x64\jre\21.0.11-win32-x86_64\bin\jimage.dll
0x00007ffdd31e0000 - 0x00007ffdd3422000 	C:\WINDOWS\SYSTEM32\DBGHELP.DLL
0x00007ffdd8be0000 - 0x00007ffdd8f63000 	C:\WINDOWS\System32\combase.dll
0x00007ffdd7410000 - 0x00007ffdd74e9000 	C:\WINDOWS\System32\OLEAUT32.dll
0x00007ffdbb2b0000 - 0x00007ffdbb2eb000 	C:\WINDOWS\SYSTEM32\dbgcore.DLL
0x00007ffdd68e0000 - 0x00007ffdd698c000 	C:\WINDOWS\System32\bcryptPrimitives.dll
0x00007ffdc6a90000 - 0x00007ffdc6a9f000 	c:\Users\enriq\.vscode-insiders\extensions\redhat.java-1.55.0-win32-x64\jre\21.0.11-win32-x86_64\bin\instrument.dll
0x00007ffdc38e0000 - 0x00007ffdc3900000 	c:\Users\enriq\.vscode-insiders\extensions\redhat.java-1.55.0-win32-x64\jre\21.0.11-win32-x86_64\bin\java.dll
0x00007ffdd3d70000 - 0x00007ffdd4602000 	C:\WINDOWS\SYSTEM32\windows.storage.dll
0x00007ffdd8ae0000 - 0x00007ffdd8bd7000 	C:\WINDOWS\System32\SHCORE.dll
0x00007ffdd62c0000 - 0x00007ffdd62e9000 	C:\WINDOWS\SYSTEM32\profapi.dll
0x00007ffdc2570000 - 0x00007ffdc2588000 	c:\Users\enriq\.vscode-insiders\extensions\redhat.java-1.55.0-win32-x64\jre\21.0.11-win32-x86_64\bin\zip.dll
0x00007ffdc3020000 - 0x00007ffdc3030000 	C:\Users\enriq\.vscode-insiders\extensions\redhat.java-1.55.0-win32-x64\jre\21.0.11-win32-x86_64\bin\net.dll
0x00007ffdc7810000 - 0x00007ffdc7937000 	C:\WINDOWS\SYSTEM32\WINHTTP.dll
0x00007ffdd55b0000 - 0x00007ffdd561c000 	C:\WINDOWS\system32\mswsock.dll
0x00007ffdc20d0000 - 0x00007ffdc20e6000 	C:\Users\enriq\.vscode-insiders\extensions\redhat.java-1.55.0-win32-x64\jre\21.0.11-win32-x86_64\bin\nio.dll
0x00007ffdc25b0000 - 0x00007ffdc25c0000 	c:\Users\enriq\.vscode-insiders\extensions\redhat.java-1.55.0-win32-x64\jre\21.0.11-win32-x86_64\bin\verify.dll
0x00007ffdb8630000 - 0x00007ffdb8675000 	C:\Users\enriq\AppData\Roaming\Code - Insiders\User\globalStorage\redhat.java\1.55.0\config_win\org.eclipse.equinox.launcher\org.eclipse.equinox.launcher.win32.win32.x86_64_1.3.100.v20260613-0559\eclipse_11924.dll
0x00007ffdd7aa0000 - 0x00007ffdd7c39000 	C:\WINDOWS\System32\ole32.dll
0x00007ffdd58d0000 - 0x00007ffdd58eb000 	C:\WINDOWS\SYSTEM32\CRYPTSP.dll
0x00007ffdd4f60000 - 0x00007ffdd4f99000 	C:\WINDOWS\system32\rsaenh.dll
0x00007ffdd5670000 - 0x00007ffdd56a2000 	C:\WINDOWS\SYSTEM32\USERENV.dll
0x00007ffdd6290000 - 0x00007ffdd62ba000 	C:\WINDOWS\SYSTEM32\bcrypt.dll
0x00007ffdd58b0000 - 0x00007ffdd58bc000 	C:\WINDOWS\SYSTEM32\CRYPTBASE.dll
0x00007ffdd4980000 - 0x00007ffdd49b3000 	C:\WINDOWS\SYSTEM32\IPHLPAPI.DLL
0x00007ffdd6f00000 - 0x00007ffdd6f0a000 	C:\WINDOWS\System32\NSI.dll
0x00007ffd966c0000 - 0x00007ffd96709000 	C:\Users\enriq\AppData\Local\Temp\jna-96665553\jna6632436008904871480.dll
0x00007ffdd8f70000 - 0x00007ffdd8f78000 	C:\WINDOWS\System32\PSAPI.DLL

JVMTI agents:
c:\Users\enriq\.vscode-insiders\extensions\redhat.java-1.55.0-win32-x64\lombok\lombok-1.18.39-4050.jar path:c:\Users\enriq\.vscode-insiders\extensions\redhat.java-1.55.0-win32-x64\jre\21.0.11-win32-x86_64\bin\instrument.dll, loaded, initialized, instrumentlib options:none

dbghelp: loaded successfully - version: 4.0.5 - missing functions: none
symbol engine: initialized successfully - sym options: 0x614 - pdb path: .;c:\Users\enriq\.vscode-insiders\extensions\redhat.java-1.55.0-win32-x64\jre\21.0.11-win32-x86_64\bin;C:\WINDOWS\SYSTEM32;C:\WINDOWS\WinSxS\amd64_microsoft.windows.common-controls_6595b64144ccf1df_6.0.26100.8875_none_3e0d5d42e32fe9dd;C:\Program Files (x86)\360\Total Security\safemon;c:\Users\enriq\.vscode-insiders\extensions\redhat.java-1.55.0-win32-x64\jre\21.0.11-win32-x86_64\bin\server;C:\Users\enriq\AppData\Roaming\Code - Insiders\User\globalStorage\redhat.java\1.55.0\config_win\org.eclipse.equinox.launcher\org.eclipse.equinox.launcher.win32.win32.x86_64_1.3.100.v20260613-0559;C:\Users\enriq\AppData\Local\Temp\jna-96665553

VM Arguments:
jvm_args: --add-modules=ALL-SYSTEM --add-opens=java.base/java.util=ALL-UNNAMED --add-opens=java.base/java.lang=ALL-UNNAMED --add-opens=java.base/sun.nio.fs=ALL-UNNAMED -Declipse.application=org.eclipse.jdt.ls.core.id1 -Dosgi.bundles.defaultStartLevel=4 -Declipse.product=org.eclipse.jdt.ls.core.product -Djava.import.generatesMetadataFilesAtProjectRoot=false -DDetectVMInstallationsJob.disabled=true -Dfile.encoding=utf8 -XX:+UseParallelGC -XX:GCTimeRatio=4 -XX:AdaptiveSizePolicyWeight=90 -Dsun.zip.disableMemoryMapping=true -Xmx2G -Xms100m -Xlog:disable -javaagent:c:\Users\enriq\.vscode-insiders\extensions\redhat.java-1.55.0-win32-x64\lombok\lombok-1.18.39-4050.jar -XX:+HeapDumpOnOutOfMemoryError -XX:HeapDumpPath=c:\Users\enriq\AppData\Roaming\Code - Insiders\User\workspaceStorage\f8b6e8e432969b00c34a4d2a739117ff\redhat.java -Daether.dependencyCollector.impl=bf -Djdt.core.sharedIndexLocation=C:\Users\enriq\AppData\Roaming\.jdt\index -XX:+UnlockDiagnosticVMOptions -XX:+AllowArchivingWithJavaAgent -XX:+AutoCreateSharedArchive -XX:SharedArchiveFile=c:\Users\enriq\AppData\Roaming\Code - Insiders\User\globalStorage\redhat.java\1.55.0\jdtls.jsa 
java_command: c:\Users\enriq\.vscode-insiders\extensions\redhat.java-1.55.0-win32-x64\server\plugins\org.eclipse.equinox.launcher_1.7.200.v20260619-2039.jar -configuration c:\Users\enriq\AppData\Roaming\Code - Insiders\User\globalStorage\redhat.java\1.55.0\config_win -data c:\Users\enriq\AppData\Roaming\Code - Insiders\User\workspaceStorage\f8b6e8e432969b00c34a4d2a739117ff\redhat.java\jdt_ws --pipe=\\.\pipe\lsp-55b4ce4d1d93c5a41c242de8979f2ad8-sock
java_class_path (initial): c:\Users\enriq\.vscode-insiders\extensions\redhat.java-1.55.0-win32-x64\server\plugins\org.eclipse.equinox.launcher_1.7.200.v20260619-2039.jar
Launcher Type: SUN_STANDARD

[Global flags]
    uintx AdaptiveSizePolicyWeight                 = 90                                        {product} {command line}
     bool AllowArchivingWithJavaAgent              = true                             {JVMCI diagnostic} {command line}
     bool AutoCreateSharedArchive                  = false                               {JVMCI product} {command line}
     intx CICompilerCount                          = 4                                         {product} {ergonomic}
    uintx GCTimeRatio                              = 4                                         {product} {command line}
     bool HeapDumpOnOutOfMemoryError               = true                                   {manageable} {command line}
    ccstr HeapDumpPath                             = c:\Users\enriq\AppData\Roaming\Code - Insiders\User\workspaceStorage\f8b6e8e432969b00c34a4d2a739117ff\redhat.java         {manageable} {command line}
   size_t InitialHeapSize                          = 104857600                                 {product} {command line}
   size_t MaxHeapSize                              = 2147483648                                {product} {command line}
   size_t MaxNewSize                               = 715653120                                 {product} {ergonomic}
   size_t MinHeapDeltaBytes                        = 524288                                    {product} {ergonomic}
   size_t MinHeapSize                              = 104857600                                 {product} {command line}
   size_t NewSize                                  = 34603008                                  {product} {ergonomic}
    uintx NonNMethodCodeHeapSize                   = 5839372                                {pd product} {ergonomic}
    uintx NonProfiledCodeHeapSize                  = 122909434                              {pd product} {ergonomic}
   size_t OldSize                                  = 70254592                                  {product} {ergonomic}
    uintx ProfiledCodeHeapSize                     = 122909434                              {pd product} {ergonomic}
    uintx ReservedCodeCacheSize                    = 251658240                              {pd product} {ergonomic}
     bool SegmentedCodeCache                       = true                                      {product} {ergonomic}
    ccstr SharedArchiveFile                        = c:\Users\enriq\AppData\Roaming\Code - Insiders\User\globalStorage\redhat.java\1.55.0\jdtls.jsa      {JVMCI product} {command line}
   size_t SoftMaxHeapSize                          = 2147483648                             {manageable} {ergonomic}
     bool UnlockDiagnosticVMOptions                = true                                   {diagnostic} {command line}
     bool UseCompressedOops                        = true                           {product lp64_product} {ergonomic}
     bool UseLargePagesIndividualAllocation        = false                                  {pd product} {ergonomic}
     bool UseParallelGC                            = true                                      {product} {command line}

Logging:
Log output configuration:
 #0: stdout all=off uptime,level,tags foldmultilines=false
 #1: stderr all=off uptime,level,tags foldmultilines=false

Release file:
JAVA_VERSION="21.0.11" 
MODULES="java.base java.compiler java.datatransfer java.xml java.prefs java.desktop java.instrument java.logging java.management java.security.sasl java.naming java.rmi java.management.rmi java.net.http java.scripting java.security.jgss java.transaction.xa java.sql java.sql.rowset java.xml.crypto java.se java.smartcardio jdk.accessibility jdk.internal.jvmstat jdk.attach jdk.charsets jdk.internal.opt jdk.zipfs jdk.compiler jdk.crypto.ec jdk.crypto.cryptoki jdk.crypto.mscapi jdk.dynalink jdk.internal.ed jdk.editpad jdk.hotspot.agent jdk.httpserver jdk.internal.le jdk.internal.vm.ci jdk.internal.vm.compiler jdk.internal.vm.compiler.management jdk.jartool jdk.javadoc jdk.jcmd jdk.management jdk.management.agent jdk.jconsole jdk.jdeps jdk.jdwp.agent jdk.jdi jdk.jfr jdk.jshell jdk.jsobject jdk.jstatd jdk.localedata jdk.management.jfr jdk.naming.dns jdk.naming.rmi jdk.net jdk.nio.mapmode jdk.random jdk.sctp jdk.security.auth jdk.security.jgss jdk.unsupported jdk.unsupported.desktop jdk.xml.dom" 

Environment Variables:
PATH=C:\Program Files\Common Files\Oracle\Java\javapath;C:\WINDOWS\system32;C:\WINDOWS;C:\WINDOWS\System32\Wbem;C:\WINDOWS\System32\WindowsPowerShell\v1.0\;C:\WINDOWS\System32\OpenSSH\;C:\Program Files\dotnet\;C:\Program Files (x86)\IVI Foundation\VISA\WinNT\Bin\;C:\Program Files\IVI Foundation\VISA\Win64\Bin\;C:\Program Files (x86)\IVI Foundation\VISA\WinNT\Bin;C:\Program Files\Git\cmd;C:\Users\enriq\AppData\Local\Programs\Python\Python312\Scripts\;C:\Users\enriq\AppData\Local\Programs\Python\Python312\;C:\Users\enriq\AppData\Local\Programs\Python\Launcher\;C:\Users\enriq\AppData\Local\Microsoft\WindowsApps;C:\Users\enriq\AppData\Local\Programs\Microsoft VS Code\bin;C:\Users\enriq\AppData\Local\Programs\Microsoft VS Code Insiders\bin
USERNAME=enriq
OS=Windows_NT
PROCESSOR_IDENTIFIER=Intel64 Family 6 Model 154 Stepping 4, GenuineIntel
TMP=C:\Users\enriq\AppData\Local\Temp
TEMP=C:\Users\enriq\AppData\Local\Temp




Periodic native trim disabled

---------------  S Y S T E M  ---------------

OS:
 Windows 11 , 64 bit Build 26100 (10.0.26100.8875)
OS uptime: 0 days 0:35 hours
Hyper-V role detected

CPU: total 8 (initial active 8) (4 cores per cpu, 2 threads per core) family 6 model 154 stepping 4 microcode 0x434, cx8, cmov, fxsr, ht, mmx, 3dnowpref, sse, sse2, sse3, ssse3, sse4.1, sse4.2, popcnt, lzcnt, tsc, tscinvbit, avx, avx2, aes, erms, clmul, bmi1, bmi2, adx, sha, fma, vzeroupper, clflush, clflushopt, clwb, hv, serialize, rdtscp, rdpid, fsrm, f16c, cet_ibt, cet_ss
Processor Information for processor 0
  Max Mhz: 1200, Current Mhz: 1200, Mhz Limit: 1200
Processor Information for processor 1
  Max Mhz: 1200, Current Mhz: 1200, Mhz Limit: 1200
Processor Information for processor 2
  Max Mhz: 1200, Current Mhz: 1200, Mhz Limit: 1200
Processor Information for processor 3
  Max Mhz: 1200, Current Mhz: 1200, Mhz Limit: 1200
Processor Information for processor 4
  Max Mhz: 1200, Current Mhz: 900, Mhz Limit: 900
Processor Information for processor 5
  Max Mhz: 1200, Current Mhz: 900, Mhz Limit: 900
Processor Information for processor 6
  Max Mhz: 1200, Current Mhz: 900, Mhz Limit: 900
Processor Information for processor 7
  Max Mhz: 1200, Current Mhz: 900, Mhz Limit: 900

Memory: 4k page, system-wide physical 7885M (591M free)
TotalPageFile size 9669M (AvailPageFile size 5M)
current process WorkingSet (physical memory assigned to process): 243M, peak: 244M
current process commit charge ("private bytes"): 371M, peak: 373M

vm_info: OpenJDK 64-Bit Server VM (21.0.11+10-LTS) for windows-amd64 JRE (21.0.11+10-LTS), built on 2026-04-21T00:00:00Z by "admin" with MS VC++ 17.12 (VS2022)

END.
